[causal] start 2026-10-01T10:19:51+01:00 K=8 threads=4 tags=p3vggish30ep_cross_s43 p3vggish30ep_cross_s44 p2vggish30ep_visual_s43 p2vggish30ep_visual_s44
[causal] 2026-10-01T10:19:51+01:00 scoring p3vggish30ep_cross_s43 ckpt=runs/2026-09-30_p3vggish30ep_cross_s43/ckpt_best.pt
[score] ckpt=runs/2026-09-30_p3vggish30ep_cross_s43/ckpt_best.pt kind=fusion modality=both test=data/lists_official/test.csv stride=16 frames/snippet rule=(2,1) snippets = (1.33,0.67) s c=8
[score] clip 0 t=0s
[score] clip 200 t=13s
[score] clip 400 t=29s
[score] clip 600 t=65s
{
  "n_clips": 800,
  "n_snippets": 145649,
  "stride_frames": 16.0,
  "segment_rule": {
    "threshold": 0.5,
    "min_length": 2,
    "max_gap": 1,
    "min_seconds": 1.333,
    "max_gap_seconds": 0.667
  },
  "ap": {
    "global__pr_auc": 0.6818426938774659,
    "global__average_precision": 0.6819249883485613,
    "per_video__pr_auc": 0.5913676408161794,
    "per_video__average_precision": 0.6058446677834196
  },
  "prevalence": 0.2379419058561325,
  "localization": {
    "n_pred_segments": 882,
    "n_gt_segments": 1238,
    "mean_best_iou": 0.29094460365402913,
    "mean_detection_delay_snippets": 17.134722222222223,
    "mean_detection_delay_frames": 274.15555555555557,
    "mean_detection_delay_seconds": 11.42314814814815,
    "precision@iou0.1": 0.5839002267573696,
    "recall@iou0.1": 0.4159935379644588,
    "f1@iou0.1": 0.48584905660377364,
    "precision@iou0.2": 0.46938775510204084,
    "recall@iou0.2": 0.3344103392568659,
    "f1@iou0.2": 0.3905660377358491,
    "precision@iou0.3": 0.373015873015873,
    "recall@iou0.3": 0.265751211631664,
    "f1@iou0.3": 0.310377358490566,
    "precision@iou0.4": 0.29591836734693877,
    "recall@iou0.4": 0.21082390953150243,
    "f1@iou0.4": 0.24622641509433962,
    "precision@iou0.5": 0.23469387755102042,
    "recall@iou0.5": 0.16720516962843296,
    "f1@iou0.5": 0.19528301886792454
  },
  "macro_per_class_ap": 0.7399015124109095,
  "dropped_modality": "none"
}
per-class clip-level AP: {'fighting': 0.889, 'shooting': 0.6773, 'riot': 0.9498, 'abuse': 0.1324, 'car_accident': 0.9195, 'explosion': 0.8714}
[ok] predictions + metrics -> runs/2026-09-30_p3vggish30ep_cross_s43
[causal] 2026-10-01T10:21:36+01:00 scoring p3vggish30ep_cross_s44 ckpt=runs/2026-09-30_p3vggish30ep_cross_s44/ckpt_best.pt
[score] ckpt=runs/2026-09-30_p3vggish30ep_cross_s44/ckpt_best.pt kind=fusion modality=both test=data/lists_official/test.csv stride=16 frames/snippet rule=(2,1) snippets = (1.33,0.67) s c=8
[score] clip 0 t=0s
[score] clip 200 t=12s
[score] clip 400 t=23s
[score] clip 600 t=57s
{
  "n_clips": 800,
  "n_snippets": 145649,
  "stride_frames": 16.0,
  "segment_rule": {
    "threshold": 0.5,
    "min_length": 2,
    "max_gap": 1,
    "min_seconds": 1.333,
    "max_gap_seconds": 0.667
  },
  "ap": {
    "global__pr_auc": 0.6876467135065456,
    "global__average_precision": 0.6876772184732389,
    "per_video__pr_auc": 0.5862044241830919,
    "per_video__average_precision": 0.6006893211585432
  },
  "prevalence": 0.2379419058561325,
  "localization": {
    "n_pred_segments": 801,
    "n_gt_segments": 1238,
    "mean_best_iou": 0.3097457996319922,
    "mean_detection_delay_snippets": 10.54434250764526,
    "mean_detection_delay_frames": 168.70948012232415,
    "mean_detection_delay_seconds": 7.029561671763506,
    "precision@iou0.1": 0.616729088639201,
    "recall@iou0.1": 0.3990306946688207,
    "f1@iou0.1": 0.4845512506130456,
    "precision@iou0.2": 0.5031210986267166,
    "recall@iou0.2": 0.3255250403877221,
    "f1@iou0.2": 0.39529180971064243,
    "precision@iou0.3": 0.3920099875156055,
    "recall@iou0.3": 0.25363489499192243,
    "f1@iou0.3": 0.3079941147621383,
    "precision@iou0.4": 0.3096129837702871,
    "recall@iou0.4": 0.20032310177705978,
    "f1@iou0.4": 0.24325649828347226,
    "precision@iou0.5": 0.250936329588015,
    "recall@iou0.5": 0.16235864297253635,
    "f1@iou0.5": 0.19715546836684647
  },
  "macro_per_class_ap": 0.7309241250038858,
  "dropped_modality": "none"
}
per-class clip-level AP: {'fighting': 0.8948, 'shooting': 0.6645, 'riot': 0.9602, 'abuse': 0.0776, 'car_accident': 0.92, 'explosion': 0.8684}
[ok] predictions + metrics -> runs/2026-09-30_p3vggish30ep_cross_s44
[causal] 2026-10-01T10:23:08+01:00 scoring p2vggish30ep_visual_s43 ckpt=runs/2026-09-30_p2vggish30ep_visual_s43/ckpt_best.pt
[score] ckpt=runs/2026-09-30_p2vggish30ep_visual_s43/ckpt_best.pt kind=mil modality=visual test=data/lists_official/test.csv stride=16 frames/snippet rule=(2,1) snippets = (1.33,0.67) s c=8
[score] clip 0 t=0s
[score] clip 200 t=7s
[score] clip 400 t=12s
[score] clip 600 t=27s
{
  "n_clips": 800,
  "n_snippets": 145649,
  "stride_frames": 16.0,
  "segment_rule": {
    "threshold": 0.5,
    "min_length": 2,
    "max_gap": 1,
    "min_seconds": 1.333,
    "max_gap_seconds": 0.667
  },
  "ap": {
    "global__pr_auc": 0.6573579885138204,
    "global__average_precision": 0.6573879195434339,
    "per_video__pr_auc": 0.5984173694191991,
    "per_video__average_precision": 0.6098535542824524
  },
  "prevalence": 0.2379419058561325,
  "localization": {
    "n_pred_segments": 1192,
    "n_gt_segments": 1238,
    "mean_best_iou": 0.2307798519179413,
    "mean_detection_delay_snippets": 52.67857142857143,
    "mean_detection_delay_frames": 842.8571428571429,
    "mean_detection_delay_seconds": 35.11904761904762,
    "precision@iou0.1": 0.4823825503355705,
    "recall@iou0.1": 0.46445880452342486,
    "f1@iou0.1": 0.4732510288065844,
    "precision@iou0.2": 0.401006711409396,
    "recall@iou0.2": 0.3861066235864297,
    "f1@iou0.2": 0.3934156378600823,
    "precision@iou0.3": 0.3053691275167785,
    "recall@iou0.3": 0.2940226171243942,
    "f1@iou0.3": 0.29958847736625516,
    "precision@iou0.4": 0.2231543624161074,
    "recall@iou0.4": 0.2148626817447496,
    "f1@iou0.4": 0.21893004115226342,
    "precision@iou0.5": 0.1686241610738255,
    "recall@iou0.5": 0.16235864297253635,
    "f1@iou0.5": 0.16543209876543213
  },
  "macro_per_class_ap": 0.6451672015240675,
  "dropped_modality": "none"
}
per-class clip-level AP: {'fighting': 0.8636, 'shooting': 0.4219, 'riot': 0.9051, 'abuse': 0.1742, 'car_accident': 0.8812, 'explosion': 0.625}
[ok] predictions + metrics -> runs/2026-09-30_p2vggish30ep_visual_s43
[causal] 2026-10-01T10:23:54+01:00 scoring p2vggish30ep_visual_s44 ckpt=runs/2026-09-30_p2vggish30ep_visual_s44/ckpt_best.pt
[score] ckpt=runs/2026-09-30_p2vggish30ep_visual_s44/ckpt_best.pt kind=mil modality=visual test=data/lists_official/test.csv stride=16 frames/snippet rule=(2,1) snippets = (1.33,0.67) s c=8
[score] clip 0 t=0s
[score] clip 200 t=7s
[score] clip 400 t=14s
[score] clip 600 t=56s
{
  "n_clips": 800,
  "n_snippets": 145649,
  "stride_frames": 16.0,
  "segment_rule": {
    "threshold": 0.5,
    "min_length": 2,
    "max_gap": 1,
    "min_seconds": 1.333,
    "max_gap_seconds": 0.667
  },
  "ap": {
    "global__pr_auc": 0.6561086554639383,
    "global__average_precision": 0.6561438149572256,
    "per_video__pr_auc": 0.6007262588818004,
    "per_video__average_precision": 0.6125638937676015
  },
  "prevalence": 0.2379419058561325,
  "localization": {
    "n_pred_segments": 1291,
    "n_gt_segments": 1238,
    "mean_best_iou": 0.24149815720974765,
    "mean_detection_delay_snippets": 50.038240917782026,
    "mean_detection_delay_frames": 800.6118546845124,
    "mean_detection_delay_seconds": 33.35882727852135,
    "precision@iou0.1": 0.487993803253292,
    "recall@iou0.1": 0.5088852988691438,
    "f1@iou0.1": 0.498220640569395,
    "precision@iou0.2": 0.4043377226955848,
    "recall@iou0.2": 0.42164781906300486,
    "f1@iou0.2": 0.4128113879003559,
    "precision@iou0.3": 0.3144848954298993,
    "recall@iou0.3": 0.32794830371567046,
    "f1@iou0.3": 0.321075523922499,
    "precision@iou0.4": 0.23470178156467855,
    "recall@iou0.4": 0.24474959612277866,
    "f1@iou0.4": 0.23962040332147094,
    "precision@iou0.5": 0.17738187451587917,
    "recall@iou0.5": 0.18497576736672053,
    "f1@iou0.5": 0.18109924871490707
  },
  "macro_per_class_ap": 0.6518474130794502,
  "dropped_modality": "none"
}
per-class clip-level AP: {'fighting': 0.8581, 'shooting': 0.3964, 'riot': 0.9342, 'abuse': 0.0904, 'car_accident': 0.8916, 'explosion': 0.7403}
[ok] predictions + metrics -> runs/2026-09-30_p2vggish30ep_visual_s44
[causal] offline vs causal (test split, official grid)
run                                mode   APglob   APclip   F1@.5  delay_s
--------------------------------------------------------------------------
2026-09-30_p3vggish30ep_cross_s43  offline   0.7719   0.7964  0.2403     3.48
2026-09-30_p3vggish30ep_cross_s43  causal8   0.6818   0.6058  0.1953    11.42
2026-09-30_p3vggish30ep_cross_s44  offline   0.7695   0.7847  0.2466     0.23
2026-09-30_p3vggish30ep_cross_s44  causal8   0.6876   0.6007  0.1972     7.03
2026-09-30_p2vggish30ep_visual_s43  offline   0.7323   0.7123  0.2053    27.28
2026-09-30_p2vggish30ep_visual_s43  causal8   0.6574   0.6099  0.1654    35.12
2026-09-30_p2vggish30ep_visual_s44  offline   0.7278   0.7166  0.2201    28.29
2026-09-30_p2vggish30ep_visual_s44  causal8   0.6561   0.6126  0.1811    33.36
[causal] done 2026-10-01T10:25:32+01:00
