[concat] train: 250 written [0s]
[concat] train: 500 written [1s]
[concat] train: 750 written [1s]
[concat] train: 1000 written [2s]
[concat] train: 1250 written [2s]
[concat] train: 1500 written [3s]
[concat] train: 1750 written [3s]
[concat] train: 2000 written [4s]
[concat] train: 2250 written [5s]
[concat] train: 2500 written [5s]
[concat] train: 2750 written [6s]
[concat] train: 3000 written [6s]
[concat] train: 3250 written [7s]
[concat] train: 3500 written [7s]
[concat] train: wrote 3513 (0 cached, 3 missing) -> data/features/concat/train [7s]
[concat] val: 250 written [8s]
[concat] val: wrote 434 (0 cached, 0 missing) -> data/features/concat/val [8s]
[concat] test: 250 written [8s]
[concat] test: 500 written [9s]
[concat] test: 750 written [9s]
[concat] test: wrote 800 (0 cached, 0 missing) -> data/features/concat/test [9s]
[concat] done: 4747 features, lists -> data/lists_concat in 9s
