Warning: You are sending unauthenticated requests to the HF Hub. Please set a HF_TOKEN to enable higher rate limits and faster downloads.
Traceback (most recent call last):
  File "<string>", line 1, in <module>
    from huggingface_hub import hf_hub_download; p=hf_hub_download('jherng/xd-violence',repo_type='dataset',filename='data/video/test_videos/Before.Sunset.2004__#01-14-30_01-16-51_label_A.mp4',local_dir='data/raw/xd-violence',force_download=True); print('OK',p)
                                                   ~~~~~~~~~~~~~~~^^^^^^^^^^^^^^^^^^^^^^^^^^^^^^^^^^^^^^^^^^^^^^^^^^^^^^^^^^^^^^^^^^^^^^^^^^^^^^^^^^^^^^^^^^^^^^^^^^^^^^^^^^^^^^^^^^^^^^^^^^^^^^^^^^^^^^^^^^^^^^^^^^^^^^^^^^^^^^^^^^^^^^^^^^^^^^^^^^^^
  File "/home/aarf101/projtutore/.venv/lib/python3.14/site-packages/huggingface_hub/utils/_validators.py", line 91, in _inner_fn
    return fn(*args, **kwargs)
  File "/home/aarf101/projtutore/.venv/lib/python3.14/site-packages/huggingface_hub/utils/_http.py", line 266, in _inner
    return fn(*args, **kwargs)
  File "/home/aarf101/projtutore/.venv/lib/python3.14/site-packages/huggingface_hub/file_download.py", line 1022, in hf_hub_download
    return _hf_hub_download_to_local_dir(
        # Destination
    ...<16 lines>...
        dry_run=dry_run,
    )
  File "/home/aarf101/projtutore/.venv/lib/python3.14/site-packages/huggingface_hub/file_download.py", line 1501, in _hf_hub_download_to_local_dir
    _download_to_tmp_and_move(
    ~~~~~~~~~~~~~~~~~~~~~~~~~^
        incomplete_path=paths.incomplete_path(etag),
        ^^^^^^^^^^^^^^^^^^^^^^^^^^^^^^^^^^^^^^^^^^^^
    ...<8 lines>...
        tqdm_class=tqdm_class,
        ^^^^^^^^^^^^^^^^^^^^^^
    )
    ^
  File "/home/aarf101/projtutore/.venv/lib/python3.14/site-packages/huggingface_hub/file_download.py", line 2026, in _download_to_tmp_and_move
    http_get(
    ~~~~~~~~^
        url_to_download,
        ^^^^^^^^^^^^^^^^
    ...<3 lines>...
        tqdm_class=tqdm_class,
        ^^^^^^^^^^^^^^^^^^^^^^
    )
    ^
  File "/home/aarf101/projtutore/.venv/lib/python3.14/site-packages/huggingface_hub/utils/_validators.py", line 91, in _inner_fn
    return fn(*args, **kwargs)
  File "/home/aarf101/projtutore/.venv/lib/python3.14/site-packages/huggingface_hub/file_download.py", line 487, in http_get
    raise OSError(
    ...<3 lines>...
    )
OSError: Consistency check failed: file should be of size 12087805 but has size 13379816 ((…)t.2004__%2301-14-30_01-16-51_label_A.mp4).
This is usually due to network issues while downloading the file. Please retry with `force_download=True`.
