[warn] val split (150 clips) has no abuse clip(s): model selection is blind to it
[run] runs/2026-09-30_p3vggish30ep_adaptive_s43
[cfg] fusion=adaptive params=1069898 reliability=7d dropout=0.15 train=3804 val=150 device=cpu
[warn] missing audio quality stats for v=8cTqh9tMz_I__#1_label_A -> zeros (run scripts/extract_audio_features.py)
[epoch   1/30] loss=0.7080 val_ap=0.9839 val_abuse=n/a *best* [186.0s]
[epoch   2/30] loss=0.4573 val_ap=0.9858 val_abuse=n/a *best* [101.0s]
[epoch   3/30] loss=0.3680 val_ap=0.9391 val_abuse=n/a [91.4s]
[epoch   4/30] loss=0.3235 val_ap=0.9694 val_abuse=n/a [111.1s]
[epoch   5/30] loss=0.3160 val_ap=0.9732 val_abuse=n/a [118.6s]
[epoch   6/30] loss=0.3004 val_ap=0.9682 val_abuse=n/a [106.2s]
[epoch   7/30] loss=0.2805 val_ap=0.9759 val_abuse=n/a [106.8s]
[epoch   8/30] loss=0.3095 val_ap=0.9587 val_abuse=n/a [124.6s]
[epoch   9/30] loss=0.2451 val_ap=0.9688 val_abuse=n/a [93.5s]
[epoch  10/30] loss=0.2517 val_ap=0.9703 val_abuse=n/a [134.5s]
[epoch  11/30] loss=0.2031 val_ap=0.9690 val_abuse=n/a [109.2s]
[epoch  12/30] loss=0.2023 val_ap=0.9678 val_abuse=n/a [131.3s]
[epoch  13/30] loss=0.1958 val_ap=0.9694 val_abuse=n/a [116.6s]
[epoch  14/30] loss=0.1953 val_ap=0.9699 val_abuse=n/a [140.8s]
[epoch  15/30] loss=0.2018 val_ap=0.9692 val_abuse=n/a [268.2s]
[epoch  16/30] loss=0.2009 val_ap=0.9684 val_abuse=n/a [138.7s]
[epoch  17/30] loss=0.1766 val_ap=0.9701 val_abuse=n/a [99.3s]
[epoch  18/30] loss=0.1920 val_ap=0.9691 val_abuse=n/a [107.2s]
[epoch  19/30] loss=0.1827 val_ap=0.9697 val_abuse=n/a [114.0s]
[epoch  20/30] loss=0.1647 val_ap=0.9689 val_abuse=n/a [102.9s]
[epoch  21/30] loss=0.1703 val_ap=0.9678 val_abuse=n/a [112.9s]
[epoch  22/30] loss=0.1755 val_ap=0.9689 val_abuse=n/a [115.8s]
[epoch  23/30] loss=0.1765 val_ap=0.9687 val_abuse=n/a [109.7s]
[epoch  24/30] loss=0.1764 val_ap=0.9714 val_abuse=n/a [131.2s]
[epoch  25/30] loss=0.1859 val_ap=0.9764 val_abuse=n/a [153.2s]
[epoch  26/30] loss=0.1723 val_ap=0.9718 val_abuse=n/a [115.8s]
[epoch  27/30] loss=0.1700 val_ap=0.9729 val_abuse=n/a [193.6s]
[epoch  28/30] loss=0.1647 val_ap=0.9767 val_abuse=n/a [182.6s]
[epoch  29/30] loss=0.1679 val_ap=0.9828 val_abuse=n/a [178.4s]
[epoch  30/30] loss=0.1510 val_ap=0.9770 val_abuse=n/a [208.6s]
[done] best epoch 2 val_ap=0.9858 | last val_ap=0.9770 -> runs/2026-09-30_p3vggish30ep_adaptive_s43
