[gate] 2026-09-30T15:27:11+01:00 seed 43
[gate] 2026-09-30T15:27:11+01:00 seed 44
[gate] 2026-09-30T16:34:00+01:00 both seeds trained
[gate] 2026-09-30T16:34:00+01:00 seed 43 blind
   0.000   False  0.6319  0.7095  0.4336 0.307  0.143
  15.000    True  0.5829  0.6057  0.4029 0.291  0.143
  30.000    True  0.5479  0.5759  0.3817 0.305  0.148
[sweep] written -> runs/2026-09-30_p3vggish30ep_adaptive_s43/robustness_occlusion_visual_blind.json
[sweep] figure -> runs/2026-09-30_p3vggish30ep_adaptive_s43/robustness_occlusion_visual_blind.png
[gate] 2026-09-30T16:34:56+01:00 seed 43 flagged
   0.000   False  0.6319  0.7095  0.4336 0.307  0.143
  15.000    True  0.5788  0.6068  0.3991 0.291  0.145
  30.000    True  0.5456  0.5811  0.3768 0.305  0.147
[sweep] written -> runs/2026-09-30_p3vggish30ep_adaptive_s43/robustness_occlusion_visual_flagged.json
[sweep] figure -> runs/2026-09-30_p3vggish30ep_adaptive_s43/robustness_occlusion_visual_flagged.png
[gate] 2026-09-30T16:35:47+01:00 seed 44 blind
   0.000   False  0.7099  0.7120  0.6799 0.349  0.206
  15.000    True  0.7043  0.6718  0.6615 0.339  0.194
  30.000    True  0.6956  0.6353  0.6229 0.331  0.181
[sweep] written -> runs/2026-09-30_p3vggish30ep_adaptive_s44/robustness_occlusion_visual_blind.json
[sweep] figure -> runs/2026-09-30_p3vggish30ep_adaptive_s44/robustness_occlusion_visual_blind.png
[gate] 2026-09-30T16:36:37+01:00 seed 44 flagged
   0.000   False  0.7099  0.7120  0.6799 0.349  0.206
  15.000    True  0.7358  0.6684  0.6518 0.349  0.208
  30.000    True  0.7321  0.6362  0.6127 0.345  0.191
[sweep] written -> runs/2026-09-30_p3vggish30ep_adaptive_s44/robustness_occlusion_visual_flagged.json
[sweep] figure -> runs/2026-09-30_p3vggish30ep_adaptive_s44/robustness_occlusion_visual_flagged.png
[gate] DONE 2026-09-30T16:37:28+01:00
