[warn] val split (150 clips) has no abuse clip(s): model selection is blind to it
[run] runs/2026-09-30_p3vggish30ep_adaptive_s44
[cfg] fusion=adaptive params=1069898 reliability=7d dropout=0.15 train=3804 val=150 device=cpu
[warn] missing audio quality stats for v=9eME1y6V-T4__#01-12-00_01-18-00_label_ -> zeros (run scripts/extract_audio_features.py)
[epoch   1/30] loss=0.7009 val_ap=0.9838 val_abuse=n/a *best* [186.0s]
[epoch   2/30] loss=0.4296 val_ap=0.9794 val_abuse=n/a [101.0s]
[epoch   3/30] loss=0.3809 val_ap=0.9792 val_abuse=n/a [91.4s]
[epoch   4/30] loss=0.3306 val_ap=0.9440 val_abuse=n/a [111.1s]
[epoch   5/30] loss=0.3329 val_ap=0.9623 val_abuse=n/a [118.6s]
[epoch   6/30] loss=0.3171 val_ap=0.9503 val_abuse=n/a [106.2s]
[epoch   7/30] loss=0.2755 val_ap=0.9573 val_abuse=n/a [106.8s]
[epoch   8/30] loss=0.2667 val_ap=0.9750 val_abuse=n/a [124.9s]
[epoch   9/30] loss=0.2714 val_ap=0.9749 val_abuse=n/a [93.4s]
[epoch  10/30] loss=0.2518 val_ap=0.9749 val_abuse=n/a [135.0s]
[epoch  11/30] loss=0.1919 val_ap=0.9767 val_abuse=n/a [108.4s]
[epoch  12/30] loss=0.1912 val_ap=0.9740 val_abuse=n/a [131.3s]
[epoch  13/30] loss=0.1949 val_ap=0.9740 val_abuse=n/a [116.7s]
[epoch  14/30] loss=0.1950 val_ap=0.9686 val_abuse=n/a [140.8s]
[epoch  15/30] loss=0.1997 val_ap=0.9716 val_abuse=n/a [268.7s]
[epoch  16/30] loss=0.1826 val_ap=0.9673 val_abuse=n/a [138.2s]
[epoch  17/30] loss=0.1834 val_ap=0.9717 val_abuse=n/a [99.3s]
[epoch  18/30] loss=0.1866 val_ap=0.9714 val_abuse=n/a [107.4s]
[epoch  19/30] loss=0.1826 val_ap=0.9727 val_abuse=n/a [113.9s]
[epoch  20/30] loss=0.1817 val_ap=0.9774 val_abuse=n/a [102.9s]
[epoch  21/30] loss=0.1841 val_ap=0.9738 val_abuse=n/a [112.9s]
[epoch  22/30] loss=0.1736 val_ap=0.9806 val_abuse=n/a [115.8s]
[epoch  23/30] loss=0.1594 val_ap=0.9803 val_abuse=n/a [109.6s]
[epoch  24/30] loss=0.1775 val_ap=0.9791 val_abuse=n/a [131.2s]
[epoch  25/30] loss=0.1788 val_ap=0.9826 val_abuse=n/a [153.2s]
[epoch  26/30] loss=0.1615 val_ap=0.9840 val_abuse=n/a *best* [116.7s]
[epoch  27/30] loss=0.1598 val_ap=0.9815 val_abuse=n/a [193.2s]
[epoch  28/30] loss=0.1665 val_ap=0.9837 val_abuse=n/a [182.1s]
[epoch  29/30] loss=0.1622 val_ap=0.9831 val_abuse=n/a [179.6s]
[epoch  30/30] loss=0.1631 val_ap=0.9820 val_abuse=n/a [208.0s]
[done] best epoch 26 val_ap=0.9840 | last val_ap=0.9820 -> runs/2026-09-30_p3vggish30ep_adaptive_s44
