[run] runs/2026-09-24_p3_early
[cfg] fusion=early params=610185 train=1746 val=254 device=cpu
[epoch   1/30] loss=1.1839 val_ap=0.9142 *best* [39.8s]
[epoch   2/30] loss=0.8868 val_ap=0.9608 *best* [16.9s]
[epoch   3/30] loss=0.6404 val_ap=0.9831 *best* [17.5s]
[epoch   4/30] loss=0.5067 val_ap=0.9876 *best* [31.1s]
[epoch   5/30] loss=0.4354 val_ap=0.9901 *best* [18.1s]
[epoch   6/30] loss=0.3948 val_ap=0.9914 *best* [17.3s]
[epoch   7/30] loss=0.3636 val_ap=0.9914 [18.2s]
[epoch   8/30] loss=0.3264 val_ap=0.9911 [18.2s]
[epoch   9/30] loss=0.3109 val_ap=0.9914 [19.6s]
[epoch  10/30] loss=0.2980 val_ap=0.9921 *best* [18.7s]
[epoch  11/30] loss=0.2699 val_ap=0.9920 [20.7s]
[epoch  12/30] loss=0.2713 val_ap=0.9921 *best* [26.9s]
[epoch  13/30] loss=0.2719 val_ap=0.9922 *best* [17.7s]
[epoch  14/30] loss=0.2769 val_ap=0.9922 [19.0s]
[epoch  15/30] loss=0.2705 val_ap=0.9922 [18.8s]
[epoch  16/30] loss=0.2604 val_ap=0.9923 *best* [18.8s]
[epoch  17/30] loss=0.2536 val_ap=0.9924 *best* [17.5s]
[epoch  18/30] loss=0.2542 val_ap=0.9923 [18.9s]
[epoch  19/30] loss=0.2473 val_ap=0.9925 *best* [18.8s]
[epoch  20/30] loss=0.2596 val_ap=0.9925 *best* [18.9s]
[epoch  21/30] loss=0.2531 val_ap=0.9925 [18.9s]
[epoch  22/30] loss=0.2468 val_ap=0.9925 [17.3s]
[epoch  23/30] loss=0.2587 val_ap=0.9925 [18.8s]
[epoch  24/30] loss=0.2483 val_ap=0.9925 [18.9s]
[epoch  25/30] loss=0.2441 val_ap=0.9925 [18.9s]
[epoch  26/30] loss=0.2341 val_ap=0.9925 [19.0s]
[epoch  27/30] loss=0.2449 val_ap=0.9925 [18.9s]
[epoch  28/30] loss=0.2390 val_ap=0.9926 *best* [19.0s]
[epoch  29/30] loss=0.2464 val_ap=0.9926 [17.4s]
[epoch  30/30] loss=0.2490 val_ap=0.9924 [18.9s]
[done] best epoch 28 val_ap=0.9926 -> runs/2026-09-24_p3_early
[run] runs/2026-09-24_p3_late
[cfg] fusion=late params=758667 train=1746 val=254 device=cpu
[epoch   1/30] loss=1.1521 val_ap=0.8979 *best* [23.4s]
[epoch   2/30] loss=0.9018 val_ap=0.9611 *best* [23.3s]
[epoch   3/30] loss=0.6173 val_ap=0.9809 *best* [23.1s]
[epoch   4/30] loss=0.4945 val_ap=0.9863 *best* [23.1s]
[epoch   5/30] loss=0.4190 val_ap=0.9877 *best* [23.0s]
[epoch   6/30] loss=0.3710 val_ap=0.9885 *best* [23.4s]
[epoch   7/30] loss=0.3451 val_ap=0.9889 *best* [23.2s]
[epoch   8/30] loss=0.3323 val_ap=0.9892 *best* [23.1s]
[epoch   9/30] loss=0.2983 val_ap=0.9889 [22.9s]
[epoch  10/30] loss=0.2843 val_ap=0.9891 [22.6s]
[epoch  11/30] loss=0.2658 val_ap=0.9891 [34.1s]
[epoch  12/30] loss=0.2618 val_ap=0.9896 *best* [24.0s]
[epoch  13/30] loss=0.2579 val_ap=0.9895 [23.4s]
[epoch  14/30] loss=0.2670 val_ap=0.9896 *best* [34.1s]
[epoch  15/30] loss=0.2614 val_ap=0.9895 [23.3s]
[epoch  16/30] loss=0.2563 val_ap=0.9894 [23.2s]
[epoch  17/30] loss=0.2510 val_ap=0.9895 [23.3s]
[epoch  18/30] loss=0.2532 val_ap=0.9896 *best* [23.2s]
[epoch  19/30] loss=0.2496 val_ap=0.9894 [23.2s]
[epoch  20/30] loss=0.2491 val_ap=0.9896 [25.0s]
[epoch  21/30] loss=0.2595 val_ap=0.9894 [32.7s]
[epoch  22/30] loss=0.2378 val_ap=0.9895 [28.9s]
[epoch  23/30] loss=0.2466 val_ap=0.9896 [26.0s]
[epoch  24/30] loss=0.2396 val_ap=0.9895 [26.0s]
[epoch  25/30] loss=0.2432 val_ap=0.9895 [27.0s]
[epoch  26/30] loss=0.2389 val_ap=0.9893 [24.8s]
[epoch  27/30] loss=0.2437 val_ap=0.9893 [44.9s]
[epoch  28/30] loss=0.2304 val_ap=0.9892 [34.3s]
[epoch  29/30] loss=0.2420 val_ap=0.9893 [29.6s]
[epoch  30/30] loss=0.2346 val_ap=0.9895 [26.0s]
[done] best epoch 18 val_ap=0.9896 -> runs/2026-09-24_p3_late
[run] runs/2026-09-24_p3_cross
[cfg] fusion=cross params=923913 train=1746 val=254 device=cpu
[epoch   1/30] loss=1.1112 val_ap=0.9387 *best* [48.2s]
[epoch   2/30] loss=0.6803 val_ap=0.9804 *best* [36.6s]
[epoch   3/30] loss=0.4752 val_ap=0.9860 *best* [39.3s]
[epoch   4/30] loss=0.3688 val_ap=0.9862 *best* [46.0s]
[epoch   5/30] loss=0.3302 val_ap=0.9861 [111.3s]
[epoch   6/30] loss=0.2949 val_ap=0.9883 *best* [49.9s]
[epoch   7/30] loss=0.2667 val_ap=0.9865 [49.0s]
[epoch   8/30] loss=0.2469 val_ap=0.9837 [43.4s]
[epoch   9/30] loss=0.2415 val_ap=0.9850 [46.6s]
[epoch  10/30] loss=0.2058 val_ap=0.9842 [45.0s]
[epoch  11/30] loss=0.1830 val_ap=0.9848 [35.7s]
[epoch  12/30] loss=0.1602 val_ap=0.9851 [35.5s]
[epoch  13/30] loss=0.1670 val_ap=0.9850 [35.4s]
[epoch  14/30] loss=0.1651 val_ap=0.9853 [36.7s]
[epoch  15/30] loss=0.1611 val_ap=0.9851 [35.3s]
[epoch  16/30] loss=0.1549 val_ap=0.9854 [36.4s]
[epoch  17/30] loss=0.1711 val_ap=0.9848 [35.2s]
[epoch  18/30] loss=0.1664 val_ap=0.9850 [35.0s]
[epoch  19/30] loss=0.1562 val_ap=0.9854 [35.0s]
[epoch  20/30] loss=0.1523 val_ap=0.9853 [34.9s]
[epoch  21/30] loss=0.1526 val_ap=0.9853 [48.4s]
[epoch  22/30] loss=0.1615 val_ap=0.9845 [37.0s]
[epoch  23/30] loss=0.1567 val_ap=0.9842 [35.6s]
[epoch  24/30] loss=0.1498 val_ap=0.9842 [35.6s]
[epoch  25/30] loss=0.1505 val_ap=0.9851 [35.8s]
[epoch  26/30] loss=0.1577 val_ap=0.9851 [35.6s]
[epoch  27/30] loss=0.1471 val_ap=0.9856 [35.7s]
[epoch  28/30] loss=0.1444 val_ap=0.9854 [35.7s]
[epoch  29/30] loss=0.1338 val_ap=0.9853 [35.5s]
[epoch  30/30] loss=0.1396 val_ap=0.9845 [35.4s]
[done] best epoch 6 val_ap=0.9883 -> runs/2026-09-24_p3_cross
[run] runs/2026-09-24_p3_adaptive
[cfg] fusion=adaptive params=940426 train=1746 val=254 device=cpu
[epoch   1/30] loss=1.0303 val_ap=0.9256 *best* [35.9s]
[epoch   2/30] loss=0.6835 val_ap=0.9791 *best* [35.7s]
[epoch   3/30] loss=0.4769 val_ap=0.9891 *best* [35.6s]
[epoch   4/30] loss=0.3861 val_ap=0.9914 *best* [35.9s]
[epoch   5/30] loss=0.3500 val_ap=0.9901 [35.6s]
[epoch   6/30] loss=0.3254 val_ap=0.9895 [35.8s]
[epoch   7/30] loss=0.2683 val_ap=0.9902 [35.6s]
[epoch   8/30] loss=0.2540 val_ap=0.9894 [35.7s]
[epoch   9/30] loss=0.2425 val_ap=0.9918 *best* [35.8s]
[epoch  10/30] loss=0.2072 val_ap=0.9909 [35.7s]
[epoch  11/30] loss=0.1886 val_ap=0.9910 [35.6s]
[epoch  12/30] loss=0.1795 val_ap=0.9904 [35.6s]
[epoch  13/30] loss=0.1776 val_ap=0.9904 [35.8s]
[epoch  14/30] loss=0.1793 val_ap=0.9900 [35.6s]
[epoch  15/30] loss=0.1696 val_ap=0.9900 [35.5s]
[epoch  16/30] loss=0.1669 val_ap=0.9902 [35.5s]
[epoch  17/30] loss=0.1699 val_ap=0.9900 [35.5s]
[epoch  18/30] loss=0.1656 val_ap=0.9902 [35.6s]
[epoch  19/30] loss=0.1710 val_ap=0.9896 [35.5s]
[epoch  20/30] loss=0.1701 val_ap=0.9896 [54.6s]
[epoch  21/30] loss=0.1534 val_ap=0.9899 [35.2s]
[epoch  22/30] loss=0.1394 val_ap=0.9895 [49.8s]
[epoch  23/30] loss=0.1588 val_ap=0.9896 [42.8s]
[epoch  24/30] loss=0.1656 val_ap=0.9889 [64.5s]
[epoch  25/30] loss=0.1568 val_ap=0.9888 [38.3s]
[epoch  26/30] loss=0.1521 val_ap=0.9889 [42.7s]
[epoch  27/30] loss=0.1446 val_ap=0.9890 [32.6s]
[epoch  28/30] loss=0.1554 val_ap=0.9886 [32.2s]
[epoch  29/30] loss=0.1478 val_ap=0.9889 [32.1s]
[epoch  30/30] loss=0.1446 val_ap=0.9893 [32.0s]
[done] best epoch 9 val_ap=0.9918 -> runs/2026-09-24_p3_adaptive
