[warn] val split (150 clips) has no abuse clip(s): model selection is blind to it
[run] runs/2026-10-01_p3edge_i3dmel
[cfg] fusion=cross params=1054985 reliability=7d dropout=0.15 train=3804 val=150 device=cpu
[warn] missing audio features for NewAdd.NBA-2017.12.25_CLE@GSW__#01-08-34 -> zeros (run scripts/extract_audio_features.py)
[warn] missing audio quality stats for NewAdd.NBA-2017.12.25_CLE@GSW__#01-08-34 -> zeros (run scripts/extract_audio_features.py)
[warn] missing audio features for v=8cTqh9tMz_I__#1_label_A -> zeros (run scripts/extract_audio_features.py)
[warn] missing audio quality stats for v=8cTqh9tMz_I__#1_label_A -> zeros (run scripts/extract_audio_features.py)
[epoch   1/30] loss=1.1136 val_ap=0.8808 val_abuse=n/a *best* [86.5s]
[warn] missing audio features for NewAdd.NBA-2017.12.25_CLE@GSW__#01-08-34 -> zeros (run scripts/extract_audio_features.py)
[warn] missing audio quality stats for NewAdd.NBA-2017.12.25_CLE@GSW__#01-08-34 -> zeros (run scripts/extract_audio_features.py)
[warn] missing audio features for v=9eME1y6V-T4__#01-12-00_01-18-00_label_ -> zeros (run scripts/extract_audio_features.py)
[warn] missing audio quality stats for v=9eME1y6V-T4__#01-12-00_01-18-00_label_ -> zeros (run scripts/extract_audio_features.py)
[warn] missing audio features for v=8cTqh9tMz_I__#1_label_A -> zeros (run scripts/extract_audio_features.py)
[warn] missing audio quality stats for v=8cTqh9tMz_I__#1_label_A -> zeros (run scripts/extract_audio_features.py)
[epoch   2/30] loss=0.7609 val_ap=0.9414 val_abuse=n/a *best* [89.2s]
[warn] missing audio features for NewAdd.NBA-2017.12.25_CLE@GSW__#01-08-34 -> zeros (run scripts/extract_audio_features.py)
[warn] missing audio quality stats for NewAdd.NBA-2017.12.25_CLE@GSW__#01-08-34 -> zeros (run scripts/extract_audio_features.py)
[warn] missing audio features for v=8cTqh9tMz_I__#1_label_A -> zeros (run scripts/extract_audio_features.py)
[warn] missing audio quality stats for v=8cTqh9tMz_I__#1_label_A -> zeros (run scripts/extract_audio_features.py)
[epoch   3/30] loss=0.5793 val_ap=0.9458 val_abuse=n/a *best* [95.5s]
[warn] missing audio features for v=8cTqh9tMz_I__#1_label_A -> zeros (run scripts/extract_audio_features.py)
[warn] missing audio quality stats for v=8cTqh9tMz_I__#1_label_A -> zeros (run scripts/extract_audio_features.py)
[warn] missing audio features for NewAdd.NBA-2017.12.25_CLE@GSW__#01-08-34 -> zeros (run scripts/extract_audio_features.py)
[warn] missing audio quality stats for NewAdd.NBA-2017.12.25_CLE@GSW__#01-08-34 -> zeros (run scripts/extract_audio_features.py)
[warn] missing audio features for v=9eME1y6V-T4__#01-12-00_01-18-00_label_ -> zeros (run scripts/extract_audio_features.py)
[warn] missing audio quality stats for v=9eME1y6V-T4__#01-12-00_01-18-00_label_ -> zeros (run scripts/extract_audio_features.py)
[warn] missing audio features for Saving.Private.Ryan.1998__#02-29-31_02-3 -> zeros (run scripts/extract_audio_features.py)
[warn] missing audio quality stats for Saving.Private.Ryan.1998__#02-29-31_02-3 -> zeros (run scripts/extract_audio_features.py)
[epoch   4/30] loss=0.5227 val_ap=0.9530 val_abuse=n/a *best* [68.5s]
[warn] missing audio features for Saving.Private.Ryan.1998__#02-29-31_02-3 -> zeros (run scripts/extract_audio_features.py)
[warn] missing audio quality stats for Saving.Private.Ryan.1998__#02-29-31_02-3 -> zeros (run scripts/extract_audio_features.py)
[warn] missing audio features for NewAdd.NBA-2017.12.25_CLE@GSW__#01-08-34 -> zeros (run scripts/extract_audio_features.py)
[warn] missing audio quality stats for NewAdd.NBA-2017.12.25_CLE@GSW__#01-08-34 -> zeros (run scripts/extract_audio_features.py)
[epoch   5/30] loss=0.5120 val_ap=0.9631 val_abuse=n/a *best* [79.4s]
[warn] missing audio features for v=9eME1y6V-T4__#01-12-00_01-18-00_label_ -> zeros (run scripts/extract_audio_features.py)
[warn] missing audio quality stats for v=9eME1y6V-T4__#01-12-00_01-18-00_label_ -> zeros (run scripts/extract_audio_features.py)
[warn] missing audio features for v=8cTqh9tMz_I__#1_label_A -> zeros (run scripts/extract_audio_features.py)
[warn] missing audio quality stats for v=8cTqh9tMz_I__#1_label_A -> zeros (run scripts/extract_audio_features.py)
[warn] missing audio features for Saving.Private.Ryan.1998__#02-29-31_02-3 -> zeros (run scripts/extract_audio_features.py)
[warn] missing audio quality stats for Saving.Private.Ryan.1998__#02-29-31_02-3 -> zeros (run scripts/extract_audio_features.py)
[epoch   6/30] loss=0.4463 val_ap=0.9647 val_abuse=n/a *best* [83.2s]
[warn] missing audio features for v=8cTqh9tMz_I__#1_label_A -> zeros (run scripts/extract_audio_features.py)
[warn] missing audio quality stats for v=8cTqh9tMz_I__#1_label_A -> zeros (run scripts/extract_audio_features.py)
[warn] missing audio features for v=9eME1y6V-T4__#01-12-00_01-18-00_label_ -> zeros (run scripts/extract_audio_features.py)
[warn] missing audio quality stats for v=9eME1y6V-T4__#01-12-00_01-18-00_label_ -> zeros (run scripts/extract_audio_features.py)
[warn] missing audio features for Saving.Private.Ryan.1998__#02-29-31_02-3 -> zeros (run scripts/extract_audio_features.py)
[warn] missing audio quality stats for Saving.Private.Ryan.1998__#02-29-31_02-3 -> zeros (run scripts/extract_audio_features.py)
[epoch   7/30] loss=0.4402 val_ap=0.9696 val_abuse=n/a *best* [71.2s]
[warn] missing audio features for v=8cTqh9tMz_I__#1_label_A -> zeros (run scripts/extract_audio_features.py)
[warn] missing audio quality stats for v=8cTqh9tMz_I__#1_label_A -> zeros (run scripts/extract_audio_features.py)
[warn] missing audio features for NewAdd.NBA-2017.12.25_CLE@GSW__#01-08-34 -> zeros (run scripts/extract_audio_features.py)
[warn] missing audio quality stats for NewAdd.NBA-2017.12.25_CLE@GSW__#01-08-34 -> zeros (run scripts/extract_audio_features.py)
[warn] missing audio features for Saving.Private.Ryan.1998__#02-29-31_02-3 -> zeros (run scripts/extract_audio_features.py)
[warn] missing audio quality stats for Saving.Private.Ryan.1998__#02-29-31_02-3 -> zeros (run scripts/extract_audio_features.py)
[epoch   8/30] loss=0.4396 val_ap=0.9714 val_abuse=n/a *best* [107.3s]
[warn] missing audio features for v=8cTqh9tMz_I__#1_label_A -> zeros (run scripts/extract_audio_features.py)
[warn] missing audio quality stats for v=8cTqh9tMz_I__#1_label_A -> zeros (run scripts/extract_audio_features.py)
[warn] missing audio features for NewAdd.NBA-2017.12.25_CLE@GSW__#01-08-34 -> zeros (run scripts/extract_audio_features.py)
[warn] missing audio quality stats for NewAdd.NBA-2017.12.25_CLE@GSW__#01-08-34 -> zeros (run scripts/extract_audio_features.py)
[warn] missing audio features for v=9eME1y6V-T4__#01-12-00_01-18-00_label_ -> zeros (run scripts/extract_audio_features.py)
[warn] missing audio quality stats for v=9eME1y6V-T4__#01-12-00_01-18-00_label_ -> zeros (run scripts/extract_audio_features.py)
[epoch   9/30] loss=0.4405 val_ap=0.9693 val_abuse=n/a [127.0s]
[warn] missing audio features for Saving.Private.Ryan.1998__#02-29-31_02-3 -> zeros (run scripts/extract_audio_features.py)
[warn] missing audio quality stats for Saving.Private.Ryan.1998__#02-29-31_02-3 -> zeros (run scripts/extract_audio_features.py)
[warn] missing audio features for v=8cTqh9tMz_I__#1_label_A -> zeros (run scripts/extract_audio_features.py)
[warn] missing audio quality stats for v=8cTqh9tMz_I__#1_label_A -> zeros (run scripts/extract_audio_features.py)
[epoch  10/30] loss=0.3668 val_ap=0.9697 val_abuse=n/a [196.0s]
[warn] missing audio features for Saving.Private.Ryan.1998__#02-29-31_02-3 -> zeros (run scripts/extract_audio_features.py)
[warn] missing audio quality stats for Saving.Private.Ryan.1998__#02-29-31_02-3 -> zeros (run scripts/extract_audio_features.py)
[warn] missing audio features for v=8cTqh9tMz_I__#1_label_A -> zeros (run scripts/extract_audio_features.py)
[warn] missing audio quality stats for v=8cTqh9tMz_I__#1_label_A -> zeros (run scripts/extract_audio_features.py)
[warn] missing audio features for v=9eME1y6V-T4__#01-12-00_01-18-00_label_ -> zeros (run scripts/extract_audio_features.py)
[warn] missing audio quality stats for v=9eME1y6V-T4__#01-12-00_01-18-00_label_ -> zeros (run scripts/extract_audio_features.py)
[epoch  11/30] loss=0.3955 val_ap=0.9727 val_abuse=n/a *best* [67.6s]
[warn] missing audio features for v=9eME1y6V-T4__#01-12-00_01-18-00_label_ -> zeros (run scripts/extract_audio_features.py)
[warn] missing audio quality stats for v=9eME1y6V-T4__#01-12-00_01-18-00_label_ -> zeros (run scripts/extract_audio_features.py)
[warn] missing audio features for NewAdd.NBA-2017.12.25_CLE@GSW__#01-08-34 -> zeros (run scripts/extract_audio_features.py)
[warn] missing audio quality stats for NewAdd.NBA-2017.12.25_CLE@GSW__#01-08-34 -> zeros (run scripts/extract_audio_features.py)
[warn] missing audio features for v=8cTqh9tMz_I__#1_label_A -> zeros (run scripts/extract_audio_features.py)
[warn] missing audio quality stats for v=8cTqh9tMz_I__#1_label_A -> zeros (run scripts/extract_audio_features.py)
[epoch  12/30] loss=0.3455 val_ap=0.9723 val_abuse=n/a [65.5s]
[warn] missing audio features for v=8cTqh9tMz_I__#1_label_A -> zeros (run scripts/extract_audio_features.py)
[warn] missing audio quality stats for v=8cTqh9tMz_I__#1_label_A -> zeros (run scripts/extract_audio_features.py)
[warn] missing audio features for NewAdd.NBA-2017.12.25_CLE@GSW__#01-08-34 -> zeros (run scripts/extract_audio_features.py)
[warn] missing audio quality stats for NewAdd.NBA-2017.12.25_CLE@GSW__#01-08-34 -> zeros (run scripts/extract_audio_features.py)
[epoch  13/30] loss=0.3306 val_ap=0.9713 val_abuse=n/a [71.6s]
[warn] missing audio features for Saving.Private.Ryan.1998__#02-29-31_02-3 -> zeros (run scripts/extract_audio_features.py)
[warn] missing audio quality stats for Saving.Private.Ryan.1998__#02-29-31_02-3 -> zeros (run scripts/extract_audio_features.py)
[warn] missing audio features for v=8cTqh9tMz_I__#1_label_A -> zeros (run scripts/extract_audio_features.py)
[warn] missing audio quality stats for v=8cTqh9tMz_I__#1_label_A -> zeros (run scripts/extract_audio_features.py)
[warn] missing audio features for NewAdd.NBA-2017.12.25_CLE@GSW__#01-08-34 -> zeros (run scripts/extract_audio_features.py)
[warn] missing audio quality stats for NewAdd.NBA-2017.12.25_CLE@GSW__#01-08-34 -> zeros (run scripts/extract_audio_features.py)
[epoch  14/30] loss=0.3328 val_ap=0.9710 val_abuse=n/a [85.6s]
[warn] missing audio features for v=8cTqh9tMz_I__#1_label_A -> zeros (run scripts/extract_audio_features.py)
[warn] missing audio quality stats for v=8cTqh9tMz_I__#1_label_A -> zeros (run scripts/extract_audio_features.py)
[warn] missing audio features for Saving.Private.Ryan.1998__#02-29-31_02-3 -> zeros (run scripts/extract_audio_features.py)
[warn] missing audio quality stats for Saving.Private.Ryan.1998__#02-29-31_02-3 -> zeros (run scripts/extract_audio_features.py)
[warn] missing audio features for NewAdd.NBA-2017.12.25_CLE@GSW__#01-08-34 -> zeros (run scripts/extract_audio_features.py)
[warn] missing audio quality stats for NewAdd.NBA-2017.12.25_CLE@GSW__#01-08-34 -> zeros (run scripts/extract_audio_features.py)
[warn] missing audio features for v=9eME1y6V-T4__#01-12-00_01-18-00_label_ -> zeros (run scripts/extract_audio_features.py)
[warn] missing audio quality stats for v=9eME1y6V-T4__#01-12-00_01-18-00_label_ -> zeros (run scripts/extract_audio_features.py)
[epoch  15/30] loss=0.3584 val_ap=0.9705 val_abuse=n/a [144.5s]
[warn] missing audio features for Saving.Private.Ryan.1998__#02-29-31_02-3 -> zeros (run scripts/extract_audio_features.py)
[warn] missing audio quality stats for Saving.Private.Ryan.1998__#02-29-31_02-3 -> zeros (run scripts/extract_audio_features.py)
[warn] missing audio features for NewAdd.NBA-2017.12.25_CLE@GSW__#01-08-34 -> zeros (run scripts/extract_audio_features.py)
[warn] missing audio quality stats for NewAdd.NBA-2017.12.25_CLE@GSW__#01-08-34 -> zeros (run scripts/extract_audio_features.py)
[epoch  16/30] loss=0.3371 val_ap=0.9703 val_abuse=n/a [81.1s]
[warn] missing audio features for Saving.Private.Ryan.1998__#02-29-31_02-3 -> zeros (run scripts/extract_audio_features.py)
[warn] missing audio quality stats for Saving.Private.Ryan.1998__#02-29-31_02-3 -> zeros (run scripts/extract_audio_features.py)
[warn] missing audio features for v=8cTqh9tMz_I__#1_label_A -> zeros (run scripts/extract_audio_features.py)
[warn] missing audio quality stats for v=8cTqh9tMz_I__#1_label_A -> zeros (run scripts/extract_audio_features.py)
[warn] missing audio features for NewAdd.NBA-2017.12.25_CLE@GSW__#01-08-34 -> zeros (run scripts/extract_audio_features.py)
[warn] missing audio quality stats for NewAdd.NBA-2017.12.25_CLE@GSW__#01-08-34 -> zeros (run scripts/extract_audio_features.py)
[warn] missing audio features for v=9eME1y6V-T4__#01-12-00_01-18-00_label_ -> zeros (run scripts/extract_audio_features.py)
[warn] missing audio quality stats for v=9eME1y6V-T4__#01-12-00_01-18-00_label_ -> zeros (run scripts/extract_audio_features.py)
[epoch  17/30] loss=0.3626 val_ap=0.9705 val_abuse=n/a [61.8s]
[warn] missing audio features for v=9eME1y6V-T4__#01-12-00_01-18-00_label_ -> zeros (run scripts/extract_audio_features.py)
[warn] missing audio quality stats for v=9eME1y6V-T4__#01-12-00_01-18-00_label_ -> zeros (run scripts/extract_audio_features.py)
[warn] missing audio features for Saving.Private.Ryan.1998__#02-29-31_02-3 -> zeros (run scripts/extract_audio_features.py)
[warn] missing audio quality stats for Saving.Private.Ryan.1998__#02-29-31_02-3 -> zeros (run scripts/extract_audio_features.py)
[epoch  18/30] loss=0.3211 val_ap=0.9706 val_abuse=n/a [63.4s]
[warn] missing audio features for Saving.Private.Ryan.1998__#02-29-31_02-3 -> zeros (run scripts/extract_audio_features.py)
[warn] missing audio quality stats for Saving.Private.Ryan.1998__#02-29-31_02-3 -> zeros (run scripts/extract_audio_features.py)
[warn] missing audio features for v=8cTqh9tMz_I__#1_label_A -> zeros (run scripts/extract_audio_features.py)
[warn] missing audio quality stats for v=8cTqh9tMz_I__#1_label_A -> zeros (run scripts/extract_audio_features.py)
[warn] missing audio features for NewAdd.NBA-2017.12.25_CLE@GSW__#01-08-34 -> zeros (run scripts/extract_audio_features.py)
[warn] missing audio quality stats for NewAdd.NBA-2017.12.25_CLE@GSW__#01-08-34 -> zeros (run scripts/extract_audio_features.py)
[epoch  19/30] loss=0.3392 val_ap=0.9709 val_abuse=n/a [62.2s]
[warn] missing audio features for v=9eME1y6V-T4__#01-12-00_01-18-00_label_ -> zeros (run scripts/extract_audio_features.py)
[warn] missing audio quality stats for v=9eME1y6V-T4__#01-12-00_01-18-00_label_ -> zeros (run scripts/extract_audio_features.py)
[warn] missing audio features for NewAdd.NBA-2017.12.25_CLE@GSW__#01-08-34 -> zeros (run scripts/extract_audio_features.py)
[warn] missing audio quality stats for NewAdd.NBA-2017.12.25_CLE@GSW__#01-08-34 -> zeros (run scripts/extract_audio_features.py)
[warn] missing audio features for v=8cTqh9tMz_I__#1_label_A -> zeros (run scripts/extract_audio_features.py)
[warn] missing audio quality stats for v=8cTqh9tMz_I__#1_label_A -> zeros (run scripts/extract_audio_features.py)
[epoch  20/30] loss=0.3144 val_ap=0.9708 val_abuse=n/a [61.9s]
[warn] missing audio features for Saving.Private.Ryan.1998__#02-29-31_02-3 -> zeros (run scripts/extract_audio_features.py)
[warn] missing audio quality stats for Saving.Private.Ryan.1998__#02-29-31_02-3 -> zeros (run scripts/extract_audio_features.py)
[warn] missing audio features for v=9eME1y6V-T4__#01-12-00_01-18-00_label_ -> zeros (run scripts/extract_audio_features.py)
[warn] missing audio quality stats for v=9eME1y6V-T4__#01-12-00_01-18-00_label_ -> zeros (run scripts/extract_audio_features.py)
[epoch  21/30] loss=0.3694 val_ap=0.9696 val_abuse=n/a [63.3s]
[warn] missing audio features for NewAdd.NBA-2017.12.25_CLE@GSW__#01-08-34 -> zeros (run scripts/extract_audio_features.py)
[warn] missing audio quality stats for NewAdd.NBA-2017.12.25_CLE@GSW__#01-08-34 -> zeros (run scripts/extract_audio_features.py)
[warn] missing audio features for Saving.Private.Ryan.1998__#02-29-31_02-3 -> zeros (run scripts/extract_audio_features.py)
[warn] missing audio quality stats for Saving.Private.Ryan.1998__#02-29-31_02-3 -> zeros (run scripts/extract_audio_features.py)
[warn] missing audio features for v=9eME1y6V-T4__#01-12-00_01-18-00_label_ -> zeros (run scripts/extract_audio_features.py)
[warn] missing audio quality stats for v=9eME1y6V-T4__#01-12-00_01-18-00_label_ -> zeros (run scripts/extract_audio_features.py)
[epoch  22/30] loss=0.3263 val_ap=0.9709 val_abuse=n/a [61.9s]
[warn] missing audio features for Saving.Private.Ryan.1998__#02-29-31_02-3 -> zeros (run scripts/extract_audio_features.py)
[warn] missing audio quality stats for Saving.Private.Ryan.1998__#02-29-31_02-3 -> zeros (run scripts/extract_audio_features.py)
[warn] missing audio features for NewAdd.NBA-2017.12.25_CLE@GSW__#01-08-34 -> zeros (run scripts/extract_audio_features.py)
[warn] missing audio quality stats for NewAdd.NBA-2017.12.25_CLE@GSW__#01-08-34 -> zeros (run scripts/extract_audio_features.py)
[warn] missing audio features for v=9eME1y6V-T4__#01-12-00_01-18-00_label_ -> zeros (run scripts/extract_audio_features.py)
[warn] missing audio quality stats for v=9eME1y6V-T4__#01-12-00_01-18-00_label_ -> zeros (run scripts/extract_audio_features.py)
[epoch  23/30] loss=0.3570 val_ap=0.9700 val_abuse=n/a [61.4s]
[warn] missing audio features for NewAdd.NBA-2017.12.25_CLE@GSW__#01-08-34 -> zeros (run scripts/extract_audio_features.py)
[warn] missing audio quality stats for NewAdd.NBA-2017.12.25_CLE@GSW__#01-08-34 -> zeros (run scripts/extract_audio_features.py)
[warn] missing audio features for v=8cTqh9tMz_I__#1_label_A -> zeros (run scripts/extract_audio_features.py)
[warn] missing audio quality stats for v=8cTqh9tMz_I__#1_label_A -> zeros (run scripts/extract_audio_features.py)
[epoch  24/30] loss=0.2911 val_ap=0.9698 val_abuse=n/a [63.6s]
[warn] missing audio features for v=8cTqh9tMz_I__#1_label_A -> zeros (run scripts/extract_audio_features.py)
[warn] missing audio quality stats for v=8cTqh9tMz_I__#1_label_A -> zeros (run scripts/extract_audio_features.py)
[warn] missing audio features for NewAdd.NBA-2017.12.25_CLE@GSW__#01-08-34 -> zeros (run scripts/extract_audio_features.py)
[warn] missing audio quality stats for NewAdd.NBA-2017.12.25_CLE@GSW__#01-08-34 -> zeros (run scripts/extract_audio_features.py)
[epoch  25/30] loss=0.2896 val_ap=0.9704 val_abuse=n/a [61.8s]
[warn] missing audio features for v=9eME1y6V-T4__#01-12-00_01-18-00_label_ -> zeros (run scripts/extract_audio_features.py)
[warn] missing audio quality stats for v=9eME1y6V-T4__#01-12-00_01-18-00_label_ -> zeros (run scripts/extract_audio_features.py)
[warn] missing audio features for NewAdd.NBA-2017.12.25_CLE@GSW__#01-08-34 -> zeros (run scripts/extract_audio_features.py)
[warn] missing audio quality stats for NewAdd.NBA-2017.12.25_CLE@GSW__#01-08-34 -> zeros (run scripts/extract_audio_features.py)
[warn] missing audio features for v=8cTqh9tMz_I__#1_label_A -> zeros (run scripts/extract_audio_features.py)
[warn] missing audio quality stats for v=8cTqh9tMz_I__#1_label_A -> zeros (run scripts/extract_audio_features.py)
[epoch  26/30] loss=0.3150 val_ap=0.9709 val_abuse=n/a [61.4s]
[warn] missing audio features for NewAdd.NBA-2017.12.25_CLE@GSW__#01-08-34 -> zeros (run scripts/extract_audio_features.py)
[warn] missing audio quality stats for NewAdd.NBA-2017.12.25_CLE@GSW__#01-08-34 -> zeros (run scripts/extract_audio_features.py)
[warn] missing audio features for Saving.Private.Ryan.1998__#02-29-31_02-3 -> zeros (run scripts/extract_audio_features.py)
[warn] missing audio quality stats for Saving.Private.Ryan.1998__#02-29-31_02-3 -> zeros (run scripts/extract_audio_features.py)
[epoch  27/30] loss=0.3153 val_ap=0.9715 val_abuse=n/a [61.5s]
[warn] missing audio features for v=9eME1y6V-T4__#01-12-00_01-18-00_label_ -> zeros (run scripts/extract_audio_features.py)
[warn] missing audio quality stats for v=9eME1y6V-T4__#01-12-00_01-18-00_label_ -> zeros (run scripts/extract_audio_features.py)
[warn] missing audio features for Saving.Private.Ryan.1998__#02-29-31_02-3 -> zeros (run scripts/extract_audio_features.py)
[warn] missing audio quality stats for Saving.Private.Ryan.1998__#02-29-31_02-3 -> zeros (run scripts/extract_audio_features.py)
[warn] missing audio features for v=8cTqh9tMz_I__#1_label_A -> zeros (run scripts/extract_audio_features.py)
[warn] missing audio quality stats for v=8cTqh9tMz_I__#1_label_A -> zeros (run scripts/extract_audio_features.py)
[epoch  28/30] loss=0.2786 val_ap=0.9711 val_abuse=n/a [74.2s]
[warn] missing audio features for NewAdd.NBA-2017.12.25_CLE@GSW__#01-08-34 -> zeros (run scripts/extract_audio_features.py)
[warn] missing audio quality stats for NewAdd.NBA-2017.12.25_CLE@GSW__#01-08-34 -> zeros (run scripts/extract_audio_features.py)
[warn] missing audio features for v=9eME1y6V-T4__#01-12-00_01-18-00_label_ -> zeros (run scripts/extract_audio_features.py)
[warn] missing audio quality stats for v=9eME1y6V-T4__#01-12-00_01-18-00_label_ -> zeros (run scripts/extract_audio_features.py)
[warn] missing audio features for Saving.Private.Ryan.1998__#02-29-31_02-3 -> zeros (run scripts/extract_audio_features.py)
[warn] missing audio quality stats for Saving.Private.Ryan.1998__#02-29-31_02-3 -> zeros (run scripts/extract_audio_features.py)
[epoch  29/30] loss=0.2909 val_ap=0.9711 val_abuse=n/a [138.8s]
[warn] missing audio features for Saving.Private.Ryan.1998__#02-29-31_02-3 -> zeros (run scripts/extract_audio_features.py)
[warn] missing audio quality stats for Saving.Private.Ryan.1998__#02-29-31_02-3 -> zeros (run scripts/extract_audio_features.py)
[warn] missing audio features for v=8cTqh9tMz_I__#1_label_A -> zeros (run scripts/extract_audio_features.py)
[warn] missing audio quality stats for v=8cTqh9tMz_I__#1_label_A -> zeros (run scripts/extract_audio_features.py)
[warn] missing audio features for NewAdd.NBA-2017.12.25_CLE@GSW__#01-08-34 -> zeros (run scripts/extract_audio_features.py)
[warn] missing audio quality stats for NewAdd.NBA-2017.12.25_CLE@GSW__#01-08-34 -> zeros (run scripts/extract_audio_features.py)
[epoch  30/30] loss=0.2977 val_ap=0.9711 val_abuse=n/a [128.4s]
[done] best epoch 11 val_ap=0.9727 | last val_ap=0.9711 -> runs/2026-10-01_p3edge_i3dmel
