[run] runs/2026-10-04_p3full_late_s43
[cfg] fusion=late params=758667 reliability=7d dropout=0.15 train=3516 val=434 device=cpu
[epoch   1/30] loss=1.0593 val_ap=0.9590 val_abuse_ap=0.0605 *best* [62.7s]
[epoch   2/30] loss=0.6284 val_ap=0.9767 val_abuse_ap=0.0626 *best* [60.1s]
[epoch   3/30] loss=0.4919 val_ap=0.9800 val_abuse_ap=0.0755 *best* [59.6s]
[epoch   4/30] loss=0.4407 val_ap=0.9791 val_abuse_ap=0.0986 [47.1s]
[epoch   5/30] loss=0.4252 val_ap=0.9802 val_abuse_ap=0.0902 *best* [48.7s]
[epoch   6/30] loss=0.3832 val_ap=0.9785 val_abuse_ap=0.1042 [54.4s]
[epoch   7/30] loss=0.3830 val_ap=0.9858 val_abuse_ap=0.0758 *best* [46.3s]
[epoch   8/30] loss=0.3376 val_ap=0.9843 val_abuse_ap=0.0757 [37.2s]
[epoch   9/30] loss=0.3452 val_ap=0.9867 val_abuse_ap=0.0676 *best* [45.0s]
[epoch  10/30] loss=0.3174 val_ap=0.9864 val_abuse_ap=0.0641 [33.0s]
[epoch  11/30] loss=0.2764 val_ap=0.9864 val_abuse_ap=0.0554 [33.7s]
[epoch  12/30] loss=0.2850 val_ap=0.9865 val_abuse_ap=0.0605 [44.0s]
[epoch  13/30] loss=0.2691 val_ap=0.9869 val_abuse_ap=0.0576 *best* [46.5s]
[epoch  14/30] loss=0.2508 val_ap=0.9870 val_abuse_ap=0.0566 *best* [49.0s]
[epoch  15/30] loss=0.2598 val_ap=0.9871 val_abuse_ap=0.0576 *best* [36.6s]
[epoch  16/30] loss=0.2609 val_ap=0.9873 val_abuse_ap=0.0581 *best* [34.4s]
[epoch  17/30] loss=0.2779 val_ap=0.9870 val_abuse_ap=0.0577 [34.7s]
[epoch  18/30] loss=0.2601 val_ap=0.9871 val_abuse_ap=0.0579 [47.7s]
[epoch  19/30] loss=0.2555 val_ap=0.9872 val_abuse_ap=0.0572 [42.6s]
[epoch  20/30] loss=0.3185 val_ap=0.9873 val_abuse_ap=0.0567 [39.6s]
[epoch  21/30] loss=0.2499 val_ap=0.9875 val_abuse_ap=0.0563 *best* [42.4s]
[epoch  22/30] loss=0.2757 val_ap=0.9877 val_abuse_ap=0.0590 *best* [54.0s]
[epoch  23/30] loss=0.2312 val_ap=0.9873 val_abuse_ap=0.0597 [39.8s]
[epoch  24/30] loss=0.2620 val_ap=0.9875 val_abuse_ap=0.0593 [46.2s]
[epoch  25/30] loss=0.2625 val_ap=0.9878 val_abuse_ap=0.0590 *best* [47.8s]
[epoch  26/30] loss=0.2603 val_ap=0.9877 val_abuse_ap=0.0592 [38.1s]
[epoch  27/30] loss=0.2229 val_ap=0.9880 val_abuse_ap=0.0592 *best* [35.3s]
[epoch  28/30] loss=0.2928 val_ap=0.9883 val_abuse_ap=0.0553 *best* [38.5s]
[epoch  29/30] loss=0.2433 val_ap=0.9878 val_abuse_ap=0.0578 [38.3s]
[epoch  30/30] loss=0.2597 val_ap=0.9882 val_abuse_ap=0.0597 [33.6s]
[done] best epoch 28 val_ap=0.9883 | last val_ap=0.9882 -> runs/2026-10-04_p3full_late_s43
