[run] runs/2026-10-04_p3full_cross_s43
[cfg] fusion=cross params=923913 reliability=7d dropout=0.15 train=3516 val=434 device=cpu
[epoch   1/30] loss=1.0081 val_ap=0.9685 val_abuse_ap=0.0114 *best* [61.6s]
[epoch   2/30] loss=0.6112 val_ap=0.9730 val_abuse_ap=0.0176 *best* [62.2s]
[epoch   3/30] loss=0.4709 val_ap=0.9765 val_abuse_ap=0.0293 *best* [78.8s]
[epoch   4/30] loss=0.4060 val_ap=0.9773 val_abuse_ap=0.0312 *best* [64.8s]
[epoch   5/30] loss=0.3640 val_ap=0.9739 val_abuse_ap=0.0321 [56.0s]
[epoch   6/30] loss=0.3453 val_ap=0.9790 val_abuse_ap=0.0430 *best* [59.0s]
[epoch   7/30] loss=0.3255 val_ap=0.9765 val_abuse_ap=0.0538 [53.7s]
[epoch   8/30] loss=0.2944 val_ap=0.9767 val_abuse_ap=0.0537 [63.4s]
[epoch   9/30] loss=0.2862 val_ap=0.9816 val_abuse_ap=0.0554 *best* [57.5s]
[epoch  10/30] loss=0.2593 val_ap=0.9799 val_abuse_ap=0.1125 [53.2s]
[epoch  11/30] loss=0.1977 val_ap=0.9810 val_abuse_ap=0.1120 [52.6s]
[epoch  12/30] loss=0.1957 val_ap=0.9815 val_abuse_ap=0.1118 [56.9s]
[epoch  13/30] loss=0.1913 val_ap=0.9815 val_abuse_ap=0.1108 [86.3s]
[epoch  14/30] loss=0.1681 val_ap=0.9813 val_abuse_ap=0.1115 [54.3s]
[epoch  15/30] loss=0.1818 val_ap=0.9819 val_abuse_ap=0.1114 *best* [53.0s]
[epoch  16/30] loss=0.1742 val_ap=0.9815 val_abuse_ap=0.1110 [64.4s]
[epoch  17/30] loss=0.2033 val_ap=0.9813 val_abuse_ap=0.1130 [70.7s]
[epoch  18/30] loss=0.1848 val_ap=0.9822 val_abuse_ap=0.1115 *best* [55.6s]
[epoch  19/30] loss=0.1837 val_ap=0.9819 val_abuse_ap=0.1111 [53.3s]
[epoch  20/30] loss=0.2351 val_ap=0.9822 val_abuse_ap=0.1119 *best* [52.8s]
[epoch  21/30] loss=0.1706 val_ap=0.9820 val_abuse_ap=0.1116 [53.0s]
[epoch  22/30] loss=0.1966 val_ap=0.9817 val_abuse_ap=0.1119 [53.1s]
[epoch  23/30] loss=0.1493 val_ap=0.9826 val_abuse_ap=0.1114 *best* [52.6s]
[epoch  24/30] loss=0.1818 val_ap=0.9822 val_abuse_ap=0.1119 [76.7s]
[epoch  25/30] loss=0.1746 val_ap=0.9826 val_abuse_ap=0.1110 [70.6s]
[epoch  26/30] loss=0.1748 val_ap=0.9820 val_abuse_ap=0.1121 [64.4s]
[epoch  27/30] loss=0.1477 val_ap=0.9814 val_abuse_ap=0.1124 [62.7s]
[epoch  28/30] loss=0.2036 val_ap=0.9814 val_abuse_ap=0.1119 [57.2s]
[epoch  29/30] loss=0.1497 val_ap=0.9811 val_abuse_ap=0.1113 [66.3s]
[epoch  30/30] loss=0.1745 val_ap=0.9810 val_abuse_ap=0.1127 [75.5s]
[done] best epoch 23 val_ap=0.9826 | last val_ap=0.9810 -> runs/2026-10-04_p3full_cross_s43
