[run] runs/2026-10-04_p3full_late_s44
[cfg] fusion=late params=758667 reliability=7d dropout=0.15 train=3516 val=434 device=cpu
[epoch   1/30] loss=1.0752 val_ap=0.9540 val_abuse_ap=0.1283 *best* [31.8s]
[epoch   2/30] loss=0.6470 val_ap=0.9785 val_abuse_ap=0.1487 *best* [31.9s]
[epoch   3/30] loss=0.5195 val_ap=0.9811 val_abuse_ap=0.1359 *best* [31.5s]
[epoch   4/30] loss=0.4424 val_ap=0.9819 val_abuse_ap=0.1427 *best* [31.5s]
[epoch   5/30] loss=0.4030 val_ap=0.9812 val_abuse_ap=0.1438 [31.4s]
[epoch   6/30] loss=0.4306 val_ap=0.9819 val_abuse_ap=0.1482 [31.7s]
[epoch   7/30] loss=0.3966 val_ap=0.9841 val_abuse_ap=0.1963 *best* [37.0s]
[epoch   8/30] loss=0.3432 val_ap=0.9852 val_abuse_ap=0.1675 *best* [34.6s]
[epoch   9/30] loss=0.3169 val_ap=0.9856 val_abuse_ap=0.1656 *best* [41.2s]
[epoch  10/30] loss=0.3316 val_ap=0.9874 val_abuse_ap=0.1723 *best* [32.5s]
[epoch  11/30] loss=0.3001 val_ap=0.9873 val_abuse_ap=0.1716 [32.4s]
[epoch  12/30] loss=0.2748 val_ap=0.9872 val_abuse_ap=0.1709 [32.4s]
[epoch  13/30] loss=0.2827 val_ap=0.9874 val_abuse_ap=0.1717 [32.4s]
[epoch  14/30] loss=0.2739 val_ap=0.9876 val_abuse_ap=0.1716 *best* [52.4s]
[epoch  15/30] loss=0.2474 val_ap=0.9877 val_abuse_ap=0.1736 *best* [52.0s]
[epoch  16/30] loss=0.2468 val_ap=0.9876 val_abuse_ap=0.1741 [40.2s]
[epoch  17/30] loss=0.2885 val_ap=0.9875 val_abuse_ap=0.1729 [51.9s]
[epoch  18/30] loss=0.2704 val_ap=0.9873 val_abuse_ap=0.1783 [51.5s]
[epoch  19/30] loss=0.2537 val_ap=0.9876 val_abuse_ap=0.1770 [42.5s]
[epoch  20/30] loss=0.2542 val_ap=0.9875 val_abuse_ap=0.1772 [45.1s]
[epoch  21/30] loss=0.2512 val_ap=0.9879 val_abuse_ap=0.1766 *best* [32.6s]
[epoch  22/30] loss=0.3057 val_ap=0.9875 val_abuse_ap=0.1771 [32.4s]
[epoch  23/30] loss=0.2622 val_ap=0.9872 val_abuse_ap=0.1769 [32.1s]
[epoch  24/30] loss=0.2633 val_ap=0.9877 val_abuse_ap=0.1774 [32.1s]
[epoch  25/30] loss=0.2604 val_ap=0.9878 val_abuse_ap=0.1648 [45.0s]
[epoch  26/30] loss=0.2603 val_ap=0.9878 val_abuse_ap=0.1775 [74.9s]
[epoch  27/30] loss=0.2817 val_ap=0.9877 val_abuse_ap=0.1655 [81.1s]
[epoch  28/30] loss=0.2364 val_ap=0.9876 val_abuse_ap=0.1662 [81.0s]
[epoch  29/30] loss=0.2459 val_ap=0.9878 val_abuse_ap=0.1806 [36.5s]
[epoch  30/30] loss=0.2399 val_ap=0.9879 val_abuse_ap=0.1655 *best* [71.9s]
[done] best epoch 30 val_ap=0.9879 | last val_ap=0.9879 -> runs/2026-10-04_p3full_late_s44
