[run] runs/2026-10-04_p3full_early_s43
[cfg] fusion=early params=610185 reliability=7d dropout=0.15 train=3516 val=434 device=cpu
[epoch   1/30] loss=1.1015 val_ap=0.9594 val_abuse_ap=0.1718 *best* [34.7s]
[epoch   2/30] loss=0.6559 val_ap=0.9731 val_abuse_ap=0.1639 *best* [31.2s]
[epoch   3/30] loss=0.5306 val_ap=0.9799 val_abuse_ap=0.1615 *best* [29.8s]
[epoch   4/30] loss=0.4814 val_ap=0.9801 val_abuse_ap=0.1642 *best* [32.5s]
[epoch   5/30] loss=0.4444 val_ap=0.9830 val_abuse_ap=0.2211 *best* [29.3s]
[epoch   6/30] loss=0.4117 val_ap=0.9805 val_abuse_ap=0.1676 [29.1s]
[epoch   7/30] loss=0.4177 val_ap=0.9814 val_abuse_ap=0.1977 [27.4s]
[epoch   8/30] loss=0.3798 val_ap=0.9847 val_abuse_ap=0.1701 *best* [30.3s]
[epoch   9/30] loss=0.3833 val_ap=0.9861 val_abuse_ap=0.1223 *best* [30.7s]
[epoch  10/30] loss=0.3547 val_ap=0.9854 val_abuse_ap=0.1140 [26.1s]
[epoch  11/30] loss=0.2927 val_ap=0.9858 val_abuse_ap=0.1096 [25.1s]
[epoch  12/30] loss=0.3260 val_ap=0.9854 val_abuse_ap=0.1090 [26.8s]
[epoch  13/30] loss=0.2915 val_ap=0.9856 val_abuse_ap=0.1146 [25.7s]
[epoch  14/30] loss=0.2745 val_ap=0.9855 val_abuse_ap=0.1161 [29.2s]
[epoch  15/30] loss=0.2779 val_ap=0.9858 val_abuse_ap=0.1178 [28.3s]
[epoch  16/30] loss=0.2878 val_ap=0.9859 val_abuse_ap=0.1216 [29.3s]
[epoch  17/30] loss=0.3032 val_ap=0.9858 val_abuse_ap=0.1243 [27.2s]
[epoch  18/30] loss=0.2841 val_ap=0.9857 val_abuse_ap=0.1246 [35.9s]
[epoch  19/30] loss=0.2795 val_ap=0.9859 val_abuse_ap=0.1248 [51.9s]
[epoch  20/30] loss=0.3389 val_ap=0.9857 val_abuse_ap=0.1256 [35.9s]
[epoch  21/30] loss=0.2813 val_ap=0.9858 val_abuse_ap=0.1263 [31.2s]
[epoch  22/30] loss=0.3015 val_ap=0.9859 val_abuse_ap=0.1282 [30.1s]
[epoch  23/30] loss=0.2640 val_ap=0.9863 val_abuse_ap=0.1374 *best* [27.5s]
[epoch  24/30] loss=0.2973 val_ap=0.9857 val_abuse_ap=0.1413 [29.7s]
[epoch  25/30] loss=0.2804 val_ap=0.9860 val_abuse_ap=0.1427 [26.5s]
[epoch  26/30] loss=0.2883 val_ap=0.9863 val_abuse_ap=0.1349 [30.0s]
[epoch  27/30] loss=0.2558 val_ap=0.9861 val_abuse_ap=0.1349 [33.9s]
[epoch  28/30] loss=0.3119 val_ap=0.9859 val_abuse_ap=0.1435 [33.7s]
[epoch  29/30] loss=0.2644 val_ap=0.9862 val_abuse_ap=0.1435 [26.8s]
[epoch  30/30] loss=0.2856 val_ap=0.9857 val_abuse_ap=0.1438 [36.0s]
[done] best epoch 23 val_ap=0.9863 | last val_ap=0.9857 -> runs/2026-10-04_p3full_early_s43
