[run] runs/2026-10-04_p3swinclip_late
[cfg] fusion=late params=1020811 reliability=7d dropout=0.15 train=3513 val=434 device=cpu
[epoch   1/30] loss=1.0357 val_ap=0.9766 val_abuse_ap=0.0182 *best* [35.2s]
[epoch   2/30] loss=0.5397 val_ap=0.9886 val_abuse_ap=0.0619 *best* [35.1s]
[epoch   3/30] loss=0.4294 val_ap=0.9927 val_abuse_ap=0.0987 *best* [35.9s]
[epoch   4/30] loss=0.3339 val_ap=0.9945 val_abuse_ap=0.1189 *best* [36.3s]
[epoch   5/30] loss=0.3506 val_ap=0.9951 val_abuse_ap=0.1252 *best* [36.5s]
[epoch   6/30] loss=0.2768 val_ap=0.9949 val_abuse_ap=0.1139 [34.9s]
[epoch   7/30] loss=0.2648 val_ap=0.9948 val_abuse_ap=0.1246 [35.1s]
[epoch   8/30] loss=0.2499 val_ap=0.9956 val_abuse_ap=0.1370 *best* [35.6s]
[epoch   9/30] loss=0.2891 val_ap=0.9960 val_abuse_ap=0.1180 *best* [36.6s]
[epoch  10/30] loss=0.2531 val_ap=0.9950 val_abuse_ap=0.1200 [36.5s]
[epoch  11/30] loss=0.1929 val_ap=0.9956 val_abuse_ap=0.1218 [36.3s]
[epoch  12/30] loss=0.2551 val_ap=0.9957 val_abuse_ap=0.1279 [36.3s]
[epoch  13/30] loss=0.1967 val_ap=0.9958 val_abuse_ap=0.1279 [36.6s]
[epoch  14/30] loss=0.1915 val_ap=0.9958 val_abuse_ap=0.1218 [36.4s]
[epoch  15/30] loss=0.1861 val_ap=0.9958 val_abuse_ap=0.1220 [36.3s]
[epoch  16/30] loss=0.2081 val_ap=0.9958 val_abuse_ap=0.1227 [36.3s]
[epoch  17/30] loss=0.2239 val_ap=0.9957 val_abuse_ap=0.1231 [36.0s]
[epoch  18/30] loss=0.2245 val_ap=0.9958 val_abuse_ap=0.1226 [35.0s]
[epoch  19/30] loss=0.2160 val_ap=0.9958 val_abuse_ap=0.1235 [34.6s]
[epoch  20/30] loss=0.1732 val_ap=0.9958 val_abuse_ap=0.1236 [34.6s]
[epoch  21/30] loss=0.2193 val_ap=0.9958 val_abuse_ap=0.1155 [34.7s]
[epoch  22/30] loss=0.2047 val_ap=0.9958 val_abuse_ap=0.1191 [34.7s]
[epoch  23/30] loss=0.2110 val_ap=0.9959 val_abuse_ap=0.1166 [34.6s]
[epoch  24/30] loss=0.2068 val_ap=0.9956 val_abuse_ap=0.1191 [34.6s]
[epoch  25/30] loss=0.2457 val_ap=0.9956 val_abuse_ap=0.1123 [34.7s]
[epoch  26/30] loss=0.1528 val_ap=0.9957 val_abuse_ap=0.1133 [34.6s]
[epoch  27/30] loss=0.1594 val_ap=0.9957 val_abuse_ap=0.1136 [34.6s]
[epoch  28/30] loss=0.1775 val_ap=0.9959 val_abuse_ap=0.1134 [34.6s]
[epoch  29/30] loss=0.1907 val_ap=0.9956 val_abuse_ap=0.1137 [34.6s]
[epoch  30/30] loss=0.1609 val_ap=0.9956 val_abuse_ap=0.1139 [34.7s]
[done] best epoch 9 val_ap=0.9960 | last val_ap=0.9956 -> runs/2026-10-04_p3swinclip_late
