[run] runs/2026-10-04_p3vggmirror_late
[cfg] fusion=late params=756619 reliability=7d dropout=0.15 train=3516 val=434 device=cpu
[warn] missing audio features for The.Intouchables.2011__#01-21-00_01-26-0 -> zeros (run scripts/extract_audio_features.py)
[warn] missing audio features for v=b1XGPvbWn0A__#1_label_A -> zeros (run scripts/extract_audio_features.py)
[warn] missing audio features for GoldenEye.1995__#00-45-43_00-48-10_label -> zeros (run scripts/extract_audio_features.py)
[warn] missing audio features for Shoplifters.2018__#01-01-18_01-03-10_lab -> zeros (run scripts/extract_audio_features.py)
[warn] missing audio features for Casino.Royale.2006__#00-16-55_00-18-30_l -> zeros (run scripts/extract_audio_features.py)
[warn] missing audio features for Mindhunters.2004__#00-38-50_00-39-40_lab -> zeros (run scripts/extract_audio_features.py)
[warn] missing audio features for Fast.Furious.6.2013__#01-02-17_01-03-10_ -> zeros (run scripts/extract_audio_features.py)
[warn] missing audio features for Be.with.You.2018__#00-01-45_00-02-50_lab -> zeros (run scripts/extract_audio_features.py)
[epoch   1/30] loss=1.0795 val_ap=0.9537 val_abuse_ap=0.0602 *best* [39.8s]
[warn] missing audio features for Mission.Impossible.V.Rogue.Nation.2015__ -> zeros (run scripts/extract_audio_features.py)
[warn] missing audio features for v=fv7Gk-Pg7Rw__#1_label_B4-0-0 -> zeros (run scripts/extract_audio_features.py)
[warn] missing audio features for v=SdYFFo_tsfk__#01-48-00_01-52-00_label_ -> zeros (run scripts/extract_audio_features.py)
[warn] missing audio features for Still.Walking.2008__#01-21-00_01-26-08_l -> zeros (run scripts/extract_audio_features.py)
[warn] missing audio features for Fast.Furious.6.2013__#01-02-17_01-03-10_ -> zeros (run scripts/extract_audio_features.py)
[warn] missing audio features for Casino.Royale.2006__#00-16-55_00-18-30_l -> zeros (run scripts/extract_audio_features.py)
[warn] missing audio features for Be.with.You.2018__#00-01-45_00-02-50_lab -> zeros (run scripts/extract_audio_features.py)
[warn] missing audio features for Mindhunters.2004__#00-38-50_00-39-40_lab -> zeros (run scripts/extract_audio_features.py)
[epoch   2/30] loss=0.6662 val_ap=0.9747 val_abuse_ap=0.0719 *best* [35.4s]
[warn] missing audio features for Taken.2.UNRATED.EXTENDED.2012__#00-33-20 -> zeros (run scripts/extract_audio_features.py)
[warn] missing audio features for Bullet.in.the.Head.1990__#00-21-30_00-23 -> zeros (run scripts/extract_audio_features.py)
[warn] missing audio features for v=5Tnl7_8RqlA__#00-08-35_00-10-25_label_ -> zeros (run scripts/extract_audio_features.py)
[warn] missing audio features for Love.Death.and.Robots.S01E10__#0-02-13_0 -> zeros (run scripts/extract_audio_features.py)
[warn] missing audio features for Casino.Royale.2006__#00-16-55_00-18-30_l -> zeros (run scripts/extract_audio_features.py)
[warn] missing audio features for Mindhunters.2004__#00-38-50_00-39-40_lab -> zeros (run scripts/extract_audio_features.py)
[warn] missing audio features for Be.with.You.2018__#00-01-45_00-02-50_lab -> zeros (run scripts/extract_audio_features.py)
[warn] missing audio features for Fast.Furious.6.2013__#01-02-17_01-03-10_ -> zeros (run scripts/extract_audio_features.py)
[epoch   3/30] loss=0.5362 val_ap=0.9763 val_abuse_ap=0.0692 *best* [43.8s]
[warn] missing audio features for Salt.2010__#00-36-10_00-36-40_label_B2-0 -> zeros (run scripts/extract_audio_features.py)
[warn] missing audio features for v=DWLbc0JcBVE__#1_label_A -> zeros (run scripts/extract_audio_features.py)
[warn] missing audio features for v=SejzmoIHnK0__#1_label_A -> zeros (run scripts/extract_audio_features.py)
[warn] missing audio features for From.Dusk.Till.Dawn.1996__#00-00-36_00-0 -> zeros (run scripts/extract_audio_features.py)
[warn] missing audio features for Mindhunters.2004__#00-38-50_00-39-40_lab -> zeros (run scripts/extract_audio_features.py)
[warn] missing audio features for Casino.Royale.2006__#00-16-55_00-18-30_l -> zeros (run scripts/extract_audio_features.py)
[warn] missing audio features for Be.with.You.2018__#00-01-45_00-02-50_lab -> zeros (run scripts/extract_audio_features.py)
[warn] missing audio features for Fast.Furious.6.2013__#01-02-17_01-03-10_ -> zeros (run scripts/extract_audio_features.py)
[epoch   4/30] loss=0.4485 val_ap=0.9767 val_abuse_ap=0.0881 *best* [30.6s]
[warn] missing audio features for v=XB4wO2YEEK8__#1_label_B1-0-0 -> zeros (run scripts/extract_audio_features.py)
[warn] missing audio features for The.Bourne.Legacy.2012__#0-28-30_0-30-20 -> zeros (run scripts/extract_audio_features.py)
[warn] missing audio features for v=qqsd-cZr01k__#00-00-00_00-00-51_label_ -> zeros (run scripts/extract_audio_features.py)
[warn] missing audio features for v=_VGsAbXOxQ8__#1_label_A -> zeros (run scripts/extract_audio_features.py)
[warn] missing audio features for Casino.Royale.2006__#00-16-55_00-18-30_l -> zeros (run scripts/extract_audio_features.py)
[warn] missing audio features for Be.with.You.2018__#00-01-45_00-02-50_lab -> zeros (run scripts/extract_audio_features.py)
[warn] missing audio features for Fast.Furious.6.2013__#01-02-17_01-03-10_ -> zeros (run scripts/extract_audio_features.py)
[warn] missing audio features for Mindhunters.2004__#00-38-50_00-39-40_lab -> zeros (run scripts/extract_audio_features.py)
[epoch   5/30] loss=0.4522 val_ap=0.9780 val_abuse_ap=0.0954 *best* [36.7s]
[warn] missing audio features for v=Dn_SDu22WpM__#00-04-10_00-06-09_label_ -> zeros (run scripts/extract_audio_features.py)
[warn] missing audio features for Good.Will.Hunting.1997__#01-50-50_01-52- -> zeros (run scripts/extract_audio_features.py)
[warn] missing audio features for Flipped.2010__#00-01-45_00-02-50_label_A -> zeros (run scripts/extract_audio_features.py)
[warn] missing audio features for v=ceXPFD1yggw__#1_label_A -> zeros (run scripts/extract_audio_features.py)
[warn] missing audio features for Fast.Furious.6.2013__#01-02-17_01-03-10_ -> zeros (run scripts/extract_audio_features.py)
[warn] missing audio features for Mindhunters.2004__#00-38-50_00-39-40_lab -> zeros (run scripts/extract_audio_features.py)
[warn] missing audio features for Be.with.You.2018__#00-01-45_00-02-50_lab -> zeros (run scripts/extract_audio_features.py)
[warn] missing audio features for Casino.Royale.2006__#00-16-55_00-18-30_l -> zeros (run scripts/extract_audio_features.py)
[epoch   6/30] loss=0.3847 val_ap=0.9782 val_abuse_ap=0.0985 *best* [39.6s]
[warn] missing audio features for v=oiVq0JE1_DQ__#1_label_A -> zeros (run scripts/extract_audio_features.py)
[warn] missing audio features for v=jI2GVcjXXI8__#1_label_A -> zeros (run scripts/extract_audio_features.py)
[warn] missing audio features for Bullet.in.the.Head.1990__#00-10-30_00-11 -> zeros (run scripts/extract_audio_features.py)
[warn] missing audio features for v=v4kH4NKp8CU__#1_label_B4-0-0 -> zeros (run scripts/extract_audio_features.py)
[warn] missing audio features for Be.with.You.2018__#00-01-45_00-02-50_lab -> zeros (run scripts/extract_audio_features.py)
[warn] missing audio features for Casino.Royale.2006__#00-16-55_00-18-30_l -> zeros (run scripts/extract_audio_features.py)
[warn] missing audio features for Mindhunters.2004__#00-38-50_00-39-40_lab -> zeros (run scripts/extract_audio_features.py)
[warn] missing audio features for Fast.Furious.6.2013__#01-02-17_01-03-10_ -> zeros (run scripts/extract_audio_features.py)
[epoch   7/30] loss=0.3637 val_ap=0.9788 val_abuse_ap=0.1087 *best* [33.1s]
[warn] missing audio features for v=vhACO_m5pH0__#00-08-42_00-09-40_label_ -> zeros (run scripts/extract_audio_features.py)
[warn] missing audio features for Hear.Me.2009__#00-20-35_00-23-06_label_A -> zeros (run scripts/extract_audio_features.py)
[warn] missing audio features for v=w8WdogrgkAU__#1_label_A -> zeros (run scripts/extract_audio_features.py)
[warn] missing audio features for v=9eME1y6V-T4__#00-30-00_00-36-00_label_ -> zeros (run scripts/extract_audio_features.py)
[warn] missing audio features for Be.with.You.2018__#00-01-45_00-02-50_lab -> zeros (run scripts/extract_audio_features.py)
[warn] missing audio features for Casino.Royale.2006__#00-16-55_00-18-30_l -> zeros (run scripts/extract_audio_features.py)
[warn] missing audio features for Mindhunters.2004__#00-38-50_00-39-40_lab -> zeros (run scripts/extract_audio_features.py)
[warn] missing audio features for Fast.Furious.6.2013__#01-02-17_01-03-10_ -> zeros (run scripts/extract_audio_features.py)
[epoch   8/30] loss=0.3460 val_ap=0.9804 val_abuse_ap=0.1222 *best* [30.8s]
[warn] missing audio features for v=BosKNgpNdP4__#00-08-10_00-08-40_label_ -> zeros (run scripts/extract_audio_features.py)
[warn] missing audio features for v=C5UX5hanMsQ__#1_label_A -> zeros (run scripts/extract_audio_features.py)
[warn] missing audio features for v=vhACO_m5pH0__#00-22-42_00-24-10_label_ -> zeros (run scripts/extract_audio_features.py)
[warn] missing audio features for Mission.Impossible.Ghost.Protocol.2011__ -> zeros (run scripts/extract_audio_features.py)
[warn] missing audio features for Be.with.You.2018__#00-01-45_00-02-50_lab -> zeros (run scripts/extract_audio_features.py)
[warn] missing audio features for Casino.Royale.2006__#00-16-55_00-18-30_l -> zeros (run scripts/extract_audio_features.py)
[warn] missing audio features for Fast.Furious.6.2013__#01-02-17_01-03-10_ -> zeros (run scripts/extract_audio_features.py)
[warn] missing audio features for Mindhunters.2004__#00-38-50_00-39-40_lab -> zeros (run scripts/extract_audio_features.py)
[epoch   9/30] loss=0.3817 val_ap=0.9817 val_abuse_ap=0.1236 *best* [30.9s]
[warn] missing audio features for v=AqFWYZsOgWY__#00-30-00_00-33-00_label_ -> zeros (run scripts/extract_audio_features.py)
[warn] missing audio features for v=N2rnBxCmbIE__#1_label_A -> zeros (run scripts/extract_audio_features.py)
[warn] missing audio features for IP.Man.2.2010__#01-29-35_01-33-35_label_ -> zeros (run scripts/extract_audio_features.py)
[warn] missing audio features for Hot.Fuzz.2007__#01-33-10_01-38-50_label_ -> zeros (run scripts/extract_audio_features.py)
[warn] missing audio features for Be.with.You.2018__#00-01-45_00-02-50_lab -> zeros (run scripts/extract_audio_features.py)
[warn] missing audio features for Casino.Royale.2006__#00-16-55_00-18-30_l -> zeros (run scripts/extract_audio_features.py)
[warn] missing audio features for Mindhunters.2004__#00-38-50_00-39-40_lab -> zeros (run scripts/extract_audio_features.py)
[warn] missing audio features for Fast.Furious.6.2013__#01-02-17_01-03-10_ -> zeros (run scripts/extract_audio_features.py)
[epoch  10/30] loss=0.3458 val_ap=0.9776 val_abuse_ap=0.1235 [30.8s]
[warn] missing audio features for Jason.Bourne.2016__#01-27-09_01-29-40_la -> zeros (run scripts/extract_audio_features.py)
[warn] missing audio features for Mission.Impossible.Fallout.2018__#00-17- -> zeros (run scripts/extract_audio_features.py)
[warn] missing audio features for The.Bourne.Ultimatum.2007__#0-04-37_0-05 -> zeros (run scripts/extract_audio_features.py)
[warn] missing audio features for v=wfkNZ9lg97w__#1_label_A -> zeros (run scripts/extract_audio_features.py)
[warn] missing audio features for Mindhunters.2004__#00-38-50_00-39-40_lab -> zeros (run scripts/extract_audio_features.py)
[warn] missing audio features for Fast.Furious.6.2013__#01-02-17_01-03-10_ -> zeros (run scripts/extract_audio_features.py)
[warn] missing audio features for Casino.Royale.2006__#00-16-55_00-18-30_l -> zeros (run scripts/extract_audio_features.py)
[warn] missing audio features for Be.with.You.2018__#00-01-45_00-02-50_lab -> zeros (run scripts/extract_audio_features.py)
[epoch  11/30] loss=0.2843 val_ap=0.9807 val_abuse_ap=0.1285 [30.5s]
[warn] missing audio features for Gladiator.2000__#00-41-25_00-42-45_label -> zeros (run scripts/extract_audio_features.py)
[warn] missing audio features for v=Qm7RfXa7yJk__#1_label_B4-0-0 -> zeros (run scripts/extract_audio_features.py)
[warn] missing audio features for The.Fast.and.the.Furious.2001__#00-42-02 -> zeros (run scripts/extract_audio_features.py)
[warn] missing audio features for v=ADQNFs9bfFk__#00-01-51_00-03-03_label_ -> zeros (run scripts/extract_audio_features.py)
[warn] missing audio features for Be.with.You.2018__#00-01-45_00-02-50_lab -> zeros (run scripts/extract_audio_features.py)
[warn] missing audio features for Casino.Royale.2006__#00-16-55_00-18-30_l -> zeros (run scripts/extract_audio_features.py)
[warn] missing audio features for Mindhunters.2004__#00-38-50_00-39-40_lab -> zeros (run scripts/extract_audio_features.py)
[warn] missing audio features for Fast.Furious.6.2013__#01-02-17_01-03-10_ -> zeros (run scripts/extract_audio_features.py)
[epoch  12/30] loss=0.3470 val_ap=0.9808 val_abuse_ap=0.1318 [30.6s]
[warn] missing audio features for v=e3LsF4GrfD8__#1_label_B4-0-0 -> zeros (run scripts/extract_audio_features.py)
[warn] missing audio features for Kingsman.The.Golden.Circle.2017__#00-50- -> zeros (run scripts/extract_audio_features.py)
[warn] missing audio features for v=Fi2duT26AxI__#1_label_A -> zeros (run scripts/extract_audio_features.py)
[warn] missing audio features for Still.Walking.2008__#01-21-00_01-26-08_l -> zeros (run scripts/extract_audio_features.py)
[warn] missing audio features for Casino.Royale.2006__#00-16-55_00-18-30_l -> zeros (run scripts/extract_audio_features.py)
[warn] missing audio features for Mindhunters.2004__#00-38-50_00-39-40_lab -> zeros (run scripts/extract_audio_features.py)
[warn] missing audio features for Fast.Furious.6.2013__#01-02-17_01-03-10_ -> zeros (run scripts/extract_audio_features.py)
[warn] missing audio features for Be.with.You.2018__#00-01-45_00-02-50_lab -> zeros (run scripts/extract_audio_features.py)
[epoch  13/30] loss=0.2837 val_ap=0.9811 val_abuse_ap=0.1336 [30.6s]
[warn] missing audio features for v=PGgd2Wdu5-0__#1_label_A -> zeros (run scripts/extract_audio_features.py)
[warn] missing audio features for v=fkps18H3SXY__#02-06-00_02-12-00_label_ -> zeros (run scripts/extract_audio_features.py)
[warn] missing audio features for Election.2005__#01-08-01_01-09-04_label_ -> zeros (run scripts/extract_audio_features.py)
[warn] missing audio features for v=6fDDTbiBSZc__#1_label_G-0-0 -> zeros (run scripts/extract_audio_features.py)
[warn] missing audio features for Be.with.You.2018__#00-01-45_00-02-50_lab -> zeros (run scripts/extract_audio_features.py)
[warn] missing audio features for Fast.Furious.6.2013__#01-02-17_01-03-10_ -> zeros (run scripts/extract_audio_features.py)
[warn] missing audio features for Mindhunters.2004__#00-38-50_00-39-40_lab -> zeros (run scripts/extract_audio_features.py)
[warn] missing audio features for Casino.Royale.2006__#00-16-55_00-18-30_l -> zeros (run scripts/extract_audio_features.py)
[epoch  14/30] loss=0.2723 val_ap=0.9813 val_abuse_ap=0.1339 [32.8s]
[warn] missing audio features for v=yZ2wlTAN49g__#00-18-00_00-21-07_label_ -> zeros (run scripts/extract_audio_features.py)
[warn] missing audio features for Deadpool.2016__#01-27-52_01-28-33_label_ -> zeros (run scripts/extract_audio_features.py)
[warn] missing audio features for v=2YU-dTvnFJw__#1_label_A -> zeros (run scripts/extract_audio_features.py)
[warn] missing audio features for Yellow.Sea.2010__#00-42-00_00-42-56_labe -> zeros (run scripts/extract_audio_features.py)
[warn] missing audio features for Be.with.You.2018__#00-01-45_00-02-50_lab -> zeros (run scripts/extract_audio_features.py)
[warn] missing audio features for Fast.Furious.6.2013__#01-02-17_01-03-10_ -> zeros (run scripts/extract_audio_features.py)
[warn] missing audio features for Casino.Royale.2006__#00-16-55_00-18-30_l -> zeros (run scripts/extract_audio_features.py)
[warn] missing audio features for Mindhunters.2004__#00-38-50_00-39-40_lab -> zeros (run scripts/extract_audio_features.py)
[epoch  15/30] loss=0.2748 val_ap=0.9812 val_abuse_ap=0.1355 [30.6s]
[warn] missing audio features for Ip.Man.2008__#01-13-33_01-14-07_label_A -> zeros (run scripts/extract_audio_features.py)
[warn] missing audio features for v=0aOC63IZPTs__#00-06-01_00-07-08_label_ -> zeros (run scripts/extract_audio_features.py)
[warn] missing audio features for The.Bourne.Identity.2002__#0-07-02_0-08- -> zeros (run scripts/extract_audio_features.py)
[warn] missing audio features for v=9eME1y6V-T4__#02-12-00_02-18-00_label_ -> zeros (run scripts/extract_audio_features.py)
[warn] missing audio features for Be.with.You.2018__#00-01-45_00-02-50_lab -> zeros (run scripts/extract_audio_features.py)
[warn] missing audio features for Fast.Furious.6.2013__#01-02-17_01-03-10_ -> zeros (run scripts/extract_audio_features.py)
[warn] missing audio features for Mindhunters.2004__#00-38-50_00-39-40_lab -> zeros (run scripts/extract_audio_features.py)
[warn] missing audio features for Casino.Royale.2006__#00-16-55_00-18-30_l -> zeros (run scripts/extract_audio_features.py)
[epoch  16/30] loss=0.2883 val_ap=0.9814 val_abuse_ap=0.1338 [31.4s]
[warn] missing audio features for v=HkxSLJKE2cY__#1_label_B4-0-0 -> zeros (run scripts/extract_audio_features.py)
[warn] missing audio features for Bad.Boys.1995__#00-34-10_00-35-15_label_ -> zeros (run scripts/extract_audio_features.py)
[warn] missing audio features for v=f5C3vtUZJtE__#1_label_A -> zeros (run scripts/extract_audio_features.py)
[warn] missing audio features for Salt.2010__#01-18-20_01-19-08_label_A -> zeros (run scripts/extract_audio_features.py)
[warn] missing audio features for Casino.Royale.2006__#00-16-55_00-18-30_l -> zeros (run scripts/extract_audio_features.py)
[warn] missing audio features for Be.with.You.2018__#00-01-45_00-02-50_lab -> zeros (run scripts/extract_audio_features.py)
[warn] missing audio features for Fast.Furious.6.2013__#01-02-17_01-03-10_ -> zeros (run scripts/extract_audio_features.py)
[warn] missing audio features for Mindhunters.2004__#00-38-50_00-39-40_lab -> zeros (run scripts/extract_audio_features.py)
[epoch  17/30] loss=0.3150 val_ap=0.9815 val_abuse_ap=0.1357 [30.4s]
[warn] missing audio features for Brick.Mansions.2014__#00-59-15_00-59-39_ -> zeros (run scripts/extract_audio_features.py)
[warn] missing audio features for v=JzrpCC7XmyE__#00-48-00_00-54-00_label_ -> zeros (run scripts/extract_audio_features.py)
[warn] missing audio features for v=AqFWYZsOgWY__#00-27-00_00-30-00_label_ -> zeros (run scripts/extract_audio_features.py)
[warn] missing audio features for From.Dusk.Till.Dawn.1996__#00-09-15_00-1 -> zeros (run scripts/extract_audio_features.py)
[warn] missing audio features for Casino.Royale.2006__#00-16-55_00-18-30_l -> zeros (run scripts/extract_audio_features.py)
[warn] missing audio features for Be.with.You.2018__#00-01-45_00-02-50_lab -> zeros (run scripts/extract_audio_features.py)
[warn] missing audio features for Fast.Furious.6.2013__#01-02-17_01-03-10_ -> zeros (run scripts/extract_audio_features.py)
[warn] missing audio features for Mindhunters.2004__#00-38-50_00-39-40_lab -> zeros (run scripts/extract_audio_features.py)
[epoch  18/30] loss=0.3134 val_ap=0.9817 val_abuse_ap=0.1359 [30.5s]
[warn] missing audio features for v=WkdLbqWLQko__#1_label_A -> zeros (run scripts/extract_audio_features.py)
[warn] missing audio features for One.Day.2011__#00-16-18_00-18-09_label_A -> zeros (run scripts/extract_audio_features.py)
[warn] missing audio features for v=OR0SFVEfXgk__#1_label_A -> zeros (run scripts/extract_audio_features.py)
[warn] missing audio features for Mission.Impossible.Ghost.Protocol.2011__ -> zeros (run scripts/extract_audio_features.py)
[warn] missing audio features for Be.with.You.2018__#00-01-45_00-02-50_lab -> zeros (run scripts/extract_audio_features.py)
[warn] missing audio features for Casino.Royale.2006__#00-16-55_00-18-30_l -> zeros (run scripts/extract_audio_features.py)
[warn] missing audio features for Mindhunters.2004__#00-38-50_00-39-40_lab -> zeros (run scripts/extract_audio_features.py)
[warn] missing audio features for Fast.Furious.6.2013__#01-02-17_01-03-10_ -> zeros (run scripts/extract_audio_features.py)
[epoch  19/30] loss=0.2958 val_ap=0.9812 val_abuse_ap=0.1437 [30.5s]
[warn] missing audio features for v=Tok2GAoeSMI__#1_label_A -> zeros (run scripts/extract_audio_features.py)
[warn] missing audio features for v=EocJm3Dry4E__#1_label_A -> zeros (run scripts/extract_audio_features.py)
[warn] missing audio features for v=zQNIOEOp63k__#1_label_B4-0-0 -> zeros (run scripts/extract_audio_features.py)
[warn] missing audio features for One.Day.2011__#00-58-18_01-02-30_label_A -> zeros (run scripts/extract_audio_features.py)
[warn] missing audio features for Be.with.You.2018__#00-01-45_00-02-50_lab -> zeros (run scripts/extract_audio_features.py)
[warn] missing audio features for Fast.Furious.6.2013__#01-02-17_01-03-10_ -> zeros (run scripts/extract_audio_features.py)
[warn] missing audio features for Casino.Royale.2006__#00-16-55_00-18-30_l -> zeros (run scripts/extract_audio_features.py)
[warn] missing audio features for Mindhunters.2004__#00-38-50_00-39-40_lab -> zeros (run scripts/extract_audio_features.py)
[epoch  20/30] loss=0.2571 val_ap=0.9817 val_abuse_ap=0.1422 [48.0s]
[warn] missing audio features for Mission.Impossible.III.2006__#01-41-59_0 -> zeros (run scripts/extract_audio_features.py)
[warn] missing audio features for Rush.Hour.3.2007.BluRay__#00-18-21_00-18 -> zeros (run scripts/extract_audio_features.py)
[warn] missing audio features for v=8teJmzR7Z18__#1_label_A -> zeros (run scripts/extract_audio_features.py)
[warn] missing audio features for v=8UzJN4Z-_yQ__#1_label_A -> zeros (run scripts/extract_audio_features.py)
[warn] missing audio features for Be.with.You.2018__#00-01-45_00-02-50_lab -> zeros (run scripts/extract_audio_features.py)
[warn] missing audio features for Casino.Royale.2006__#00-16-55_00-18-30_l -> zeros (run scripts/extract_audio_features.py)
[warn] missing audio features for Fast.Furious.6.2013__#01-02-17_01-03-10_ -> zeros (run scripts/extract_audio_features.py)
[warn] missing audio features for Mindhunters.2004__#00-38-50_00-39-40_lab -> zeros (run scripts/extract_audio_features.py)
[epoch  21/30] loss=0.3107 val_ap=0.9817 val_abuse_ap=0.1406 [61.7s]
[warn] missing audio features for City.of.God.2002__#00-48-31_00-49-18_lab -> zeros (run scripts/extract_audio_features.py)
[warn] missing audio features for Quantum.Of.Solace.2008__#00-56-59_00-58- -> zeros (run scripts/extract_audio_features.py)
[warn] missing audio features for v=qqsd-cZr01k__#00-00-00_00-00-51_label_ -> zeros (run scripts/extract_audio_features.py)
[warn] missing audio features for v=CFIauDPjdX4__#1_label_B6-0-0 -> zeros (run scripts/extract_audio_features.py)
[warn] missing audio features for Be.with.You.2018__#00-01-45_00-02-50_lab -> zeros (run scripts/extract_audio_features.py)
[warn] missing audio features for Casino.Royale.2006__#00-16-55_00-18-30_l -> zeros (run scripts/extract_audio_features.py)
[warn] missing audio features for Fast.Furious.6.2013__#01-02-17_01-03-10_ -> zeros (run scripts/extract_audio_features.py)
[warn] missing audio features for Mindhunters.2004__#00-38-50_00-39-40_lab -> zeros (run scripts/extract_audio_features.py)
[epoch  22/30] loss=0.2941 val_ap=0.9817 val_abuse_ap=0.1362 *best* [31.1s]
[warn] missing audio features for v=RyWrcAW6-r8__#1_label_A -> zeros (run scripts/extract_audio_features.py)
[warn] missing audio features for v=CxA9FYvDUxY__#1_label_A -> zeros (run scripts/extract_audio_features.py)
[warn] missing audio features for v=hz-OfnN72OU__#1_label_A -> zeros (run scripts/extract_audio_features.py)
[warn] missing audio features for v=QZ99HG1YuEE__#1_label_A -> zeros (run scripts/extract_audio_features.py)
[warn] missing audio features for Fast.Furious.6.2013__#01-02-17_01-03-10_ -> zeros (run scripts/extract_audio_features.py)
[warn] missing audio features for Casino.Royale.2006__#00-16-55_00-18-30_l -> zeros (run scripts/extract_audio_features.py)
[warn] missing audio features for Mindhunters.2004__#00-38-50_00-39-40_lab -> zeros (run scripts/extract_audio_features.py)
[warn] missing audio features for Be.with.You.2018__#00-01-45_00-02-50_lab -> zeros (run scripts/extract_audio_features.py)
[epoch  23/30] loss=0.2962 val_ap=0.9812 val_abuse_ap=0.1466 [31.1s]
[warn] missing audio features for Ip.Man.2008__#01-07-54_01-08-34_label_B1 -> zeros (run scripts/extract_audio_features.py)
[warn] missing audio features for Tropa.de.Elite.2.2010__#01-40-30_01-42-0 -> zeros (run scripts/extract_audio_features.py)
[warn] missing audio features for v=jdK0UgRYK44__#1_label_A -> zeros (run scripts/extract_audio_features.py)
[warn] missing audio features for v=eZ02t_FEbQ8__#1_label_A -> zeros (run scripts/extract_audio_features.py)
[warn] missing audio features for Casino.Royale.2006__#00-16-55_00-18-30_l -> zeros (run scripts/extract_audio_features.py)
[warn] missing audio features for Be.with.You.2018__#00-01-45_00-02-50_lab -> zeros (run scripts/extract_audio_features.py)
[warn] missing audio features for Mindhunters.2004__#00-38-50_00-39-40_lab -> zeros (run scripts/extract_audio_features.py)
[warn] missing audio features for Fast.Furious.6.2013__#01-02-17_01-03-10_ -> zeros (run scripts/extract_audio_features.py)
[epoch  24/30] loss=0.2824 val_ap=0.9819 val_abuse_ap=0.1362 *best* [30.6s]
[warn] missing audio features for Bullet.in.the.Head.1990__#00-46-24_00-48 -> zeros (run scripts/extract_audio_features.py)
[warn] missing audio features for v=hdPTRcsFN5w__#00-15-00_00-17-53_label_ -> zeros (run scripts/extract_audio_features.py)
[warn] missing audio features for God.Bless.America.2011__#01-33-26_01-35- -> zeros (run scripts/extract_audio_features.py)
[warn] missing audio features for v=f6j3YWgVBto__#00-04-40_00-06-16_label_ -> zeros (run scripts/extract_audio_features.py)
[warn] missing audio features for Be.with.You.2018__#00-01-45_00-02-50_lab -> zeros (run scripts/extract_audio_features.py)
[warn] missing audio features for Fast.Furious.6.2013__#01-02-17_01-03-10_ -> zeros (run scripts/extract_audio_features.py)
[warn] missing audio features for Casino.Royale.2006__#00-16-55_00-18-30_l -> zeros (run scripts/extract_audio_features.py)
[warn] missing audio features for Mindhunters.2004__#00-38-50_00-39-40_lab -> zeros (run scripts/extract_audio_features.py)
[epoch  25/30] loss=0.3295 val_ap=0.9820 val_abuse_ap=0.1392 *best* [30.5s]
[warn] missing audio features for Quantum.Of.Solace.2008__#00-56-59_00-58- -> zeros (run scripts/extract_audio_features.py)
[warn] missing audio features for v=idoD_tYTKtc__#00-00-00_00-00-51_label_ -> zeros (run scripts/extract_audio_features.py)
[warn] missing audio features for v=zoIn2hOrUIM__#00-00-00_00-00-51_label_ -> zeros (run scripts/extract_audio_features.py)
[warn] missing audio features for v=m7D-67xqwYE__#1_label_A -> zeros (run scripts/extract_audio_features.py)
[warn] missing audio features for Casino.Royale.2006__#00-16-55_00-18-30_l -> zeros (run scripts/extract_audio_features.py)
[warn] missing audio features for Be.with.You.2018__#00-01-45_00-02-50_lab -> zeros (run scripts/extract_audio_features.py)
[warn] missing audio features for Fast.Furious.6.2013__#01-02-17_01-03-10_ -> zeros (run scripts/extract_audio_features.py)
[warn] missing audio features for Mindhunters.2004__#00-38-50_00-39-40_lab -> zeros (run scripts/extract_audio_features.py)
[epoch  26/30] loss=0.2380 val_ap=0.9821 val_abuse_ap=0.1463 *best* [30.5s]
[warn] missing audio features for Taken.2.UNRATED.EXTENDED.2012__#00-58-30 -> zeros (run scripts/extract_audio_features.py)
[warn] missing audio features for v=siMuLFQ7DSY__#1_label_A -> zeros (run scripts/extract_audio_features.py)
[warn] missing audio features for Flipped.2010__#00-18-18_00-20-09_label_A -> zeros (run scripts/extract_audio_features.py)
[warn] missing audio features for Bullet.in.the.Head.1990__#00-02-50_00-03 -> zeros (run scripts/extract_audio_features.py)
[warn] missing audio features for Be.with.You.2018__#00-01-45_00-02-50_lab -> zeros (run scripts/extract_audio_features.py)
[warn] missing audio features for Casino.Royale.2006__#00-16-55_00-18-30_l -> zeros (run scripts/extract_audio_features.py)
[warn] missing audio features for Mindhunters.2004__#00-38-50_00-39-40_lab -> zeros (run scripts/extract_audio_features.py)
[warn] missing audio features for Fast.Furious.6.2013__#01-02-17_01-03-10_ -> zeros (run scripts/extract_audio_features.py)
[epoch  27/30] loss=0.2445 val_ap=0.9816 val_abuse_ap=0.1462 [31.0s]
[warn] missing audio features for v=IRc2ikqn5rk__#1_label_A -> zeros (run scripts/extract_audio_features.py)
[warn] missing audio features for v=MeDcqvFz3l4__#1_label_B4-0-0 -> zeros (run scripts/extract_audio_features.py)
[warn] missing audio features for v=GT4QivX9VpM__#1_label_A -> zeros (run scripts/extract_audio_features.py)
[warn] missing audio features for Sin.City.2005__#01-41-09_01-41-44_label_ -> zeros (run scripts/extract_audio_features.py)
[warn] missing audio features for Be.with.You.2018__#00-01-45_00-02-50_lab -> zeros (run scripts/extract_audio_features.py)
[warn] missing audio features for Mindhunters.2004__#00-38-50_00-39-40_lab -> zeros (run scripts/extract_audio_features.py)
[warn] missing audio features for Casino.Royale.2006__#00-16-55_00-18-30_l -> zeros (run scripts/extract_audio_features.py)
[warn] missing audio features for Fast.Furious.6.2013__#01-02-17_01-03-10_ -> zeros (run scripts/extract_audio_features.py)
[epoch  28/30] loss=0.2737 val_ap=0.9818 val_abuse_ap=0.1443 [36.7s]
[warn] missing audio features for v=2att1HJqH2o__#1_label_B4-0-0 -> zeros (run scripts/extract_audio_features.py)
[warn] missing audio features for v=3a-sg-FsoGw__#1_label_B4-0-0 -> zeros (run scripts/extract_audio_features.py)
[warn] missing audio features for The.Bourne.Identity.2002__#01-49-52_01-5 -> zeros (run scripts/extract_audio_features.py)
[warn] missing audio features for Love.Death.and.Robots.S01E02__#00-08-47_ -> zeros (run scripts/extract_audio_features.py)
[warn] missing audio features for Fast.Furious.6.2013__#01-02-17_01-03-10_ -> zeros (run scripts/extract_audio_features.py)
[warn] missing audio features for Be.with.You.2018__#00-01-45_00-02-50_lab -> zeros (run scripts/extract_audio_features.py)
[warn] missing audio features for Mindhunters.2004__#00-38-50_00-39-40_lab -> zeros (run scripts/extract_audio_features.py)
[warn] missing audio features for Casino.Royale.2006__#00-16-55_00-18-30_l -> zeros (run scripts/extract_audio_features.py)
[epoch  29/30] loss=0.2722 val_ap=0.9817 val_abuse_ap=0.1446 [55.6s]
[warn] missing audio features for Ip.Man.2008__#00-56-49_01-00-39_label_B1 -> zeros (run scripts/extract_audio_features.py)
[warn] missing audio features for v=-RdREpFcycY__#1_label_A -> zeros (run scripts/extract_audio_features.py)
[warn] missing audio features for Saving.Private.Ryan.1998__#00-10-58_00-2 -> zeros (run scripts/extract_audio_features.py)
[warn] missing audio features for v=F-FNZyVzoJA__#1_label_A -> zeros (run scripts/extract_audio_features.py)
[warn] missing audio features for Casino.Royale.2006__#00-16-55_00-18-30_l -> zeros (run scripts/extract_audio_features.py)
[warn] missing audio features for Mindhunters.2004__#00-38-50_00-39-40_lab -> zeros (run scripts/extract_audio_features.py)
[warn] missing audio features for Be.with.You.2018__#00-01-45_00-02-50_lab -> zeros (run scripts/extract_audio_features.py)
[warn] missing audio features for Fast.Furious.6.2013__#01-02-17_01-03-10_ -> zeros (run scripts/extract_audio_features.py)
[epoch  30/30] loss=0.2434 val_ap=0.9816 val_abuse_ap=0.1445 [90.1s]
[done] best epoch 26 val_ap=0.9821 | last val_ap=0.9816 -> runs/2026-10-04_p3vggmirror_late
