[sqrt] 2026-09-30T10:17:02+01:00 waiting for A+B
[sqrt] 2026-09-30T10:19:02+01:00 waiting for A+B
[sqrt] 2026-09-30T10:21:02+01:00 waiting for A+B
[sqrt] 2026-09-30T10:23:02+01:00 starting damped reweighting of late
[cfg] multi pos_weight (sqrt): fighting=2.7, shooting=2.8, riot=3.1, abuse=8.7, car_accident=2.8, explosion=3.0
[warn] val split (150 clips) has no abuse clip(s): model selection is blind to it
[run] runs/2026-09-30_p3vggish30ep_pwlate_sqrt
[cfg] fusion=late params=887691 reliability=7d dropout=0.15 train=3804 val=150 device=cpu
[warn] missing audio quality stats for v=8cTqh9tMz_I__#1_label_A -> zeros (run scripts/extract_audio_features.py)
Traceback (most recent call last):
  File "<frozen runpy>", line 198, in _run_module_as_main
  File "<frozen runpy>", line 88, in _run_code
  File "/home/aarf101/projtutore/safewatch/train_fusion.py", line 262, in <module>
    raise SystemExit(main())
                     ~~~~^^
  File "/home/aarf101/projtutore/safewatch/train_fusion.py", line 257, in main
    train(FusionConfig(**vars(parser.parse_args())))
    ~~~~~^^^^^^^^^^^^^^^^^^^^^^^^^^^^^^^^^^^^^^^^^^^
  File "/home/aarf101/projtutore/safewatch/train_fusion.py", line 221, in train
    val = validate(model, val_loader, device)
  File "/home/aarf101/projtutore/safewatch/train_fusion.py", line 147, in validate
    scores.append(torch.sigmoid(out["clip_logits"]).cpu().numpy())
                  ~~~~~~~~~~~~~~~~~~~~~~~~~~~~~~~~~~~~~~~~~~~~~^^
RuntimeError: Can't call numpy() on Tensor that requires grad. Use tensor.detach().numpy() instead.
Traceback (most recent call last):
  File "<frozen runpy>", line 198, in _run_module_as_main
  File "<frozen runpy>", line 88, in _run_code
  File "/home/aarf101/projtutore/safewatch/eval/runner.py", line 319, in <module>
    raise SystemExit(main())
                     ~~~~^^
  File "/home/aarf101/projtutore/safewatch/eval/runner.py", line 268, in main
    cfg = checkpoint_config(args.ckpt)
  File "/home/aarf101/projtutore/safewatch/eval/runner.py", line 50, in checkpoint_config
    ckpt = torch.load(ckpt_path, map_location="cpu", weights_only=False)
  File "/home/aarf101/projtutore/.venv/lib/python3.14/site-packages/torch/serialization.py", line 1565, in load
    with _open_file_like(f, "rb") as opened_file:
         ~~~~~~~~~~~~~~~^^^^^^^^^
  File "/home/aarf101/projtutore/.venv/lib/python3.14/site-packages/torch/serialization.py", line 795, in _open_file_like
    return _open_file(name_or_buffer, mode)
  File "/home/aarf101/projtutore/.venv/lib/python3.14/site-packages/torch/serialization.py", line 776, in __init__
    super().__init__(open(name, mode))  # noqa: SIM115
                     ~~~~^^^^^^^^^^^^
FileNotFoundError: [Errno 2] No such file or directory: 'runs/2026-09-30_p3vggish30ep_pwlate_sqrt/ckpt_best.pt'
Traceback (most recent call last):
  File "<frozen runpy>", line 198, in _run_module_as_main
  File "<frozen runpy>", line 88, in _run_code
  File "/home/aarf101/projtutore/safewatch/eval/runner.py", line 319, in <module>
    raise SystemExit(main())
                     ~~~~^^
  File "/home/aarf101/projtutore/safewatch/eval/runner.py", line 268, in main
    cfg = checkpoint_config(args.ckpt)
  File "/home/aarf101/projtutore/safewatch/eval/runner.py", line 50, in checkpoint_config
    ckpt = torch.load(ckpt_path, map_location="cpu", weights_only=False)
  File "/home/aarf101/projtutore/.venv/lib/python3.14/site-packages/torch/serialization.py", line 1565, in load
    with _open_file_like(f, "rb") as opened_file:
         ~~~~~~~~~~~~~~~^^^^^^^^^
  File "/home/aarf101/projtutore/.venv/lib/python3.14/site-packages/torch/serialization.py", line 795, in _open_file_like
    return _open_file(name_or_buffer, mode)
  File "/home/aarf101/projtutore/.venv/lib/python3.14/site-packages/torch/serialization.py", line 776, in __init__
    super().__init__(open(name, mode))  # noqa: SIM115
                     ~~~~^^^^^^^^^^^^
FileNotFoundError: [Errno 2] No such file or directory: 'runs/2026-09-30_p3vggish30ep_pwlate_sqrt/ckpt_last.pt'
Traceback (most recent call last):
  File "/home/aarf101/projtutore/scripts/class_diagnostic.py", line 122, in <module>
    raise SystemExit(main())
                     ~~~~^^
  File "/home/aarf101/projtutore/scripts/class_diagnostic.py", line 86, in main
    ckpt = torch.load(args.ckpt, map_location="cpu", weights_only=False)
  File "/home/aarf101/projtutore/.venv/lib/python3.14/site-packages/torch/serialization.py", line 1565, in load
    with _open_file_like(f, "rb") as opened_file:
         ~~~~~~~~~~~~~~~^^^^^^^^^
  File "/home/aarf101/projtutore/.venv/lib/python3.14/site-packages/torch/serialization.py", line 795, in _open_file_like
    return _open_file(name_or_buffer, mode)
  File "/home/aarf101/projtutore/.venv/lib/python3.14/site-packages/torch/serialization.py", line 776, in __init__
    super().__init__(open(name, mode))  # noqa: SIM115
                     ~~~~^^^^^^^^^^^^
FileNotFoundError: [Errno 2] No such file or directory: 'runs/2026-09-30_p3vggish30ep_pwlate_sqrt/ckpt_best.pt'
[sqrt] done 2026-09-30T10:24:26+01:00
