[score] ckpt=runs/2026-09-29_smoke_vggish_official/ckpt_best.pt kind=fusion modality=both test=data/lists_official/test.csv stride=16 frames/snippet rule=(2,1) snippets
[warn] missing audio quality stats for Before.Sunset.2004__#01-14-30_01-16-51_l -> zeros (run scripts/extract_audio_features.py)
{
  "n_clips": 800,
  "n_snippets": 145649,
  "stride_frames": 16.0,
  "segment_rule": {
    "threshold": 0.5,
    "min_length": 2,
    "max_gap": 1,
    "min_seconds": 1.333,
    "max_gap_seconds": 0.667
  },
  "ap": {
    "global__pr_auc": 0.6378765372140385,
    "global__average_precision": 0.6378940264503395,
    "per_video__pr_auc": 0.5989727566406026,
    "per_video__average_precision": 0.6112772523455057
  },
  "prevalence": 0.2379419058561325,
  "localization": {
    "n_pred_segments": 1445,
    "n_gt_segments": 1238,
    "mean_best_iou": 0.18094851432530915,
    "mean_detection_delay_snippets": 41.69549549549549,
    "mean_detection_delay_frames": 667.1279279279279,
    "mean_detection_delay_seconds": 27.796996996996995,
    "precision@iou0.1": 0.3743944636678201,
    "recall@iou0.1": 0.4369951534733441,
    "f1@iou0.1": 0.40327991054789414,
    "precision@iou0.2": 0.30242214532871975,
    "recall@iou0.2": 0.3529886914378029,
    "f1@iou0.2": 0.3257547521431234,
    "precision@iou0.3": 0.23044982698961938,
    "recall@iou0.3": 0.2689822294022617,
    "f1@iou0.3": 0.2482295937383526,
    "precision@iou0.4": 0.15709342560553632,
    "recall@iou0.4": 0.18336025848142165,
    "f1@iou0.4": 0.16921356690272082,
    "precision@iou0.5": 0.11487889273356401,
    "recall@iou0.5": 0.13408723747980614,
    "f1@iou0.5": 0.12374207976146104
  },
  "macro_per_class_ap": 0.44477560291388235,
  "dropped_modality": "none"
}
per-class clip-level AP: {'fighting': 0.3939, 'shooting': 0.4641, 'riot': 0.6763, 'abuse': 0.0827, 'car_accident': 0.7414, 'explosion': 0.3102}
[ok] predictions + metrics -> runs/2026-09-29_smoke_vggish_official
