[run] runs/2026-09-30_p2vggish30ep_visual_s44
[cfg] modality=visual feature_set=i3d_official in_dim=1024 epochs=30 batch=8 lr=0.0001 k=5
[data] train=3804 val=150 device=cpu threads=5
[epoch   1/30] loss=0.9266 (mil=0.5498) val_pr_auc=0.9331 val_ap=0.9341 *best* [34.3s]
[epoch   2/30] loss=0.5966 (mil=0.3542) val_pr_auc=0.9439 val_ap=0.9445 *best* [33.9s]
[epoch   3/30] loss=0.5144 (mil=0.3080) val_pr_auc=0.9489 val_ap=0.9494 *best* [34.0s]
[epoch   4/30] loss=0.4826 (mil=0.2884) val_pr_auc=0.9517 val_ap=0.9522 *best* [34.4s]
[epoch   5/30] loss=0.4611 (mil=0.2777) val_pr_auc=0.9583 val_ap=0.9587 *best* [34.5s]
[epoch   6/30] loss=0.4430 (mil=0.2666) val_pr_auc=0.9542 val_ap=0.9547 [34.2s]
[epoch   7/30] loss=0.4160 (mil=0.2505) val_pr_auc=0.9582 val_ap=0.9586 [34.3s]
[epoch   8/30] loss=0.4005 (mil=0.2431) val_pr_auc=0.9586 val_ap=0.9590 *best* [33.9s]
[epoch   9/30] loss=0.3808 (mil=0.2317) val_pr_auc=0.9673 val_ap=0.9676 *best* [34.0s]
[epoch  10/30] loss=0.3821 (mil=0.2316) val_pr_auc=0.9680 val_ap=0.9683 *best* [33.9s]
[epoch  11/30] loss=0.3231 (mil=0.1951) val_pr_auc=0.9665 val_ap=0.9669 [33.9s]
[epoch  12/30] loss=0.3121 (mil=0.1896) val_pr_auc=0.9668 val_ap=0.9672 [48.8s]
[epoch  13/30] loss=0.3053 (mil=0.1837) val_pr_auc=0.9673 val_ap=0.9675 [37.9s]
[epoch  14/30] loss=0.3039 (mil=0.1855) val_pr_auc=0.9681 val_ap=0.9684 *best* [35.0s]
[epoch  15/30] loss=0.3047 (mil=0.1859) val_pr_auc=0.9675 val_ap=0.9677 [34.0s]
[epoch  16/30] loss=0.3018 (mil=0.1836) val_pr_auc=0.9694 val_ap=0.9696 *best* [33.9s]
[epoch  17/30] loss=0.2822 (mil=0.1704) val_pr_auc=0.9690 val_ap=0.9693 [35.7s]
[epoch  18/30] loss=0.2954 (mil=0.1777) val_pr_auc=0.9696 val_ap=0.9699 *best* [38.9s]
[epoch  19/30] loss=0.2869 (mil=0.1735) val_pr_auc=0.9695 val_ap=0.9697 [40.0s]
[epoch  20/30] loss=0.2853 (mil=0.1731) val_pr_auc=0.9696 val_ap=0.9699 [42.6s]
[epoch  21/30] loss=0.2800 (mil=0.1712) val_pr_auc=0.9698 val_ap=0.9700 *best* [37.4s]
[epoch  22/30] loss=0.2866 (mil=0.1735) val_pr_auc=0.9704 val_ap=0.9707 *best* [35.8s]
[epoch  23/30] loss=0.2801 (mil=0.1701) val_pr_auc=0.9709 val_ap=0.9712 *best* [35.1s]
[epoch  24/30] loss=0.2805 (mil=0.1705) val_pr_auc=0.9715 val_ap=0.9717 *best* [35.3s]
[epoch  25/30] loss=0.2752 (mil=0.1664) val_pr_auc=0.9707 val_ap=0.9710 [35.3s]
[epoch  26/30] loss=0.2737 (mil=0.1650) val_pr_auc=0.9706 val_ap=0.9709 [35.3s]
[epoch  27/30] loss=0.2636 (mil=0.1582) val_pr_auc=0.9711 val_ap=0.9713 [35.3s]
[epoch  28/30] loss=0.2588 (mil=0.1564) val_pr_auc=0.9702 val_ap=0.9705 [35.2s]
[epoch  29/30] loss=0.2678 (mil=0.1611) val_pr_auc=0.9701 val_ap=0.9704 [35.5s]
[epoch  30/30] loss=0.2620 (mil=0.1574) val_pr_auc=0.9706 val_ap=0.9708 [36.3s]
[done] best epoch 24: val_ap=0.9717 val_pr_auc=0.9715
[done] artifacts -> runs/2026-09-30_p2vggish30ep_visual_s44
