[run] runs/2026-09-30_p2vggish30ep_visual_s43
[cfg] modality=visual feature_set=i3d_official in_dim=1024 epochs=30 batch=8 lr=0.0001 k=5
[data] train=3804 val=150 device=cpu threads=5
[epoch   1/30] loss=0.9051 (mil=0.5407) val_pr_auc=0.9359 val_ap=0.9366 *best* [103.8s]
[epoch   2/30] loss=0.5790 (mil=0.3442) val_pr_auc=0.9451 val_ap=0.9458 *best* [113.9s]
[epoch   3/30] loss=0.5162 (mil=0.3086) val_pr_auc=0.9498 val_ap=0.9503 *best* [101.4s]
[epoch   4/30] loss=0.4652 (mil=0.2787) val_pr_auc=0.9551 val_ap=0.9555 *best* [91.6s]
[epoch   5/30] loss=0.4685 (mil=0.2826) val_pr_auc=0.9536 val_ap=0.9541 [38.7s]
[epoch   6/30] loss=0.4440 (mil=0.2686) val_pr_auc=0.9552 val_ap=0.9557 *best* [36.6s]
[epoch   7/30] loss=0.4172 (mil=0.2504) val_pr_auc=0.9648 val_ap=0.9651 *best* [36.8s]
[epoch   8/30] loss=0.3974 (mil=0.2402) val_pr_auc=0.9677 val_ap=0.9679 *best* [35.2s]
[epoch   9/30] loss=0.3820 (mil=0.2303) val_pr_auc=0.9673 val_ap=0.9676 [35.1s]
[epoch  10/30] loss=0.3742 (mil=0.2263) val_pr_auc=0.9700 val_ap=0.9703 *best* [36.5s]
[epoch  11/30] loss=0.3249 (mil=0.1966) val_pr_auc=0.9709 val_ap=0.9711 *best* [34.9s]
[epoch  12/30] loss=0.3106 (mil=0.1854) val_pr_auc=0.9713 val_ap=0.9715 *best* [34.9s]
[epoch  13/30] loss=0.3119 (mil=0.1873) val_pr_auc=0.9719 val_ap=0.9721 *best* [34.9s]
[epoch  14/30] loss=0.3140 (mil=0.1906) val_pr_auc=0.9729 val_ap=0.9731 *best* [34.9s]
[epoch  15/30] loss=0.2987 (mil=0.1794) val_pr_auc=0.9730 val_ap=0.9732 *best* [34.9s]
[epoch  16/30] loss=0.2992 (mil=0.1792) val_pr_auc=0.9733 val_ap=0.9736 *best* [34.9s]
[epoch  17/30] loss=0.3037 (mil=0.1824) val_pr_auc=0.9730 val_ap=0.9732 [35.1s]
[epoch  18/30] loss=0.2884 (mil=0.1719) val_pr_auc=0.9738 val_ap=0.9740 *best* [35.0s]
[epoch  19/30] loss=0.2851 (mil=0.1712) val_pr_auc=0.9725 val_ap=0.9727 [35.0s]
[epoch  20/30] loss=0.2883 (mil=0.1733) val_pr_auc=0.9746 val_ap=0.9748 *best* [34.9s]
[epoch  21/30] loss=0.2889 (mil=0.1734) val_pr_auc=0.9730 val_ap=0.9732 [34.7s]
[epoch  22/30] loss=0.2857 (mil=0.1714) val_pr_auc=0.9735 val_ap=0.9737 [35.3s]
[epoch  23/30] loss=0.2679 (mil=0.1594) val_pr_auc=0.9730 val_ap=0.9732 [34.3s]
[epoch  24/30] loss=0.2727 (mil=0.1630) val_pr_auc=0.9730 val_ap=0.9732 [34.3s]
[epoch  25/30] loss=0.2740 (mil=0.1627) val_pr_auc=0.9742 val_ap=0.9744 [34.2s]
[epoch  26/30] loss=0.2667 (mil=0.1598) val_pr_auc=0.9733 val_ap=0.9735 [34.5s]
[epoch  27/30] loss=0.2703 (mil=0.1623) val_pr_auc=0.9741 val_ap=0.9743 [34.4s]
[epoch  28/30] loss=0.2759 (mil=0.1662) val_pr_auc=0.9747 val_ap=0.9749 *best* [34.3s]
[epoch  29/30] loss=0.2644 (mil=0.1585) val_pr_auc=0.9751 val_ap=0.9753 *best* [34.3s]
[epoch  30/30] loss=0.2651 (mil=0.1592) val_pr_auc=0.9746 val_ap=0.9748 [34.4s]
[done] best epoch 29: val_ap=0.9753 val_pr_auc=0.9751
[done] artifacts -> runs/2026-09-30_p2vggish30ep_visual_s43
