[warn] val split (150 clips) has no abuse clip(s): model selection is blind to it
[run] runs/2026-09-30_p3vggish30ep_cross_s44
[cfg] fusion=cross params=1052937 reliability=7d dropout=0.15 train=3804 val=150 device=cpu
[warn] missing audio quality stats for NewAdd.NBA-2017.12.25_CLE@GSW__#01-08-34 -> zeros (run scripts/extract_audio_features.py)
[epoch   1/30] loss=0.7306 val_ap=0.9811 val_abuse=n/a *best* [75.0s]
[epoch   2/30] loss=0.4537 val_ap=0.9865 val_abuse=n/a *best* [74.7s]
[epoch   3/30] loss=0.3619 val_ap=0.9803 val_abuse=n/a [74.7s]
[epoch   4/30] loss=0.3429 val_ap=0.9795 val_abuse=n/a [73.6s]
[epoch   5/30] loss=0.3125 val_ap=0.9808 val_abuse=n/a [69.6s]
[epoch   6/30] loss=0.3033 val_ap=0.9806 val_abuse=n/a [70.9s]
[epoch   7/30] loss=0.2770 val_ap=0.9871 val_abuse=n/a *best* [70.8s]
[epoch   8/30] loss=0.2582 val_ap=0.9834 val_abuse=n/a [72.4s]
[epoch   9/30] loss=0.2621 val_ap=0.9861 val_abuse=n/a [70.8s]
[epoch  10/30] loss=0.2556 val_ap=0.9906 val_abuse=n/a *best* [70.8s]
[epoch  11/30] loss=0.1903 val_ap=0.9910 val_abuse=n/a *best* [70.7s]
[epoch  12/30] loss=0.1964 val_ap=0.9920 val_abuse=n/a *best* [72.5s]
[epoch  13/30] loss=0.1854 val_ap=0.9918 val_abuse=n/a [70.3s]
[epoch  14/30] loss=0.1897 val_ap=0.9912 val_abuse=n/a [71.6s]
[epoch  15/30] loss=0.1876 val_ap=0.9916 val_abuse=n/a [71.5s]
[epoch  16/30] loss=0.1768 val_ap=0.9911 val_abuse=n/a [69.9s]
[epoch  17/30] loss=0.1739 val_ap=0.9891 val_abuse=n/a [69.8s]
[epoch  18/30] loss=0.1872 val_ap=0.9912 val_abuse=n/a [69.9s]
[epoch  19/30] loss=0.1797 val_ap=0.9906 val_abuse=n/a [69.9s]
[epoch  20/30] loss=0.1761 val_ap=0.9910 val_abuse=n/a [71.5s]
[epoch  21/30] loss=0.1597 val_ap=0.9911 val_abuse=n/a [68.3s]
[epoch  22/30] loss=0.1747 val_ap=0.9916 val_abuse=n/a [103.8s]
[epoch  23/30] loss=0.1677 val_ap=0.9921 val_abuse=n/a *best* [121.3s]
[epoch  24/30] loss=0.1698 val_ap=0.9899 val_abuse=n/a [119.9s]
[epoch  25/30] loss=0.1574 val_ap=0.9919 val_abuse=n/a [126.1s]
[epoch  26/30] loss=0.1560 val_ap=0.9920 val_abuse=n/a [105.3s]
[epoch  27/30] loss=0.1566 val_ap=0.9922 val_abuse=n/a *best* [111.2s]
[epoch  28/30] loss=0.1562 val_ap=0.9923 val_abuse=n/a *best* [117.6s]
[epoch  29/30] loss=0.1448 val_ap=0.9928 val_abuse=n/a *best* [131.2s]
[epoch  30/30] loss=0.1566 val_ap=0.9925 val_abuse=n/a [214.0s]
[done] best epoch 29 val_ap=0.9928 | last val_ap=0.9925 -> runs/2026-09-30_p3vggish30ep_cross_s44
