[warn] val split (150 clips) has no abuse clip(s): model selection is blind to it
[run] runs/2026-09-30_p3vggish30ep_cross_s43
[cfg] fusion=cross params=1052937 reliability=7d dropout=0.15 train=3804 val=150 device=cpu
[warn] missing audio quality stats for Saving.Private.Ryan.1998__#02-29-31_02-3 -> zeros (run scripts/extract_audio_features.py)
[epoch   1/30] loss=0.7730 val_ap=0.9848 val_abuse=n/a *best* [72.6s]
[epoch   2/30] loss=0.4671 val_ap=0.9878 val_abuse=n/a *best* [75.4s]
[epoch   3/30] loss=0.3757 val_ap=0.9870 val_abuse=n/a [71.1s]
[epoch   4/30] loss=0.3514 val_ap=0.9886 val_abuse=n/a *best* [70.8s]
[epoch   5/30] loss=0.2971 val_ap=0.9867 val_abuse=n/a [71.7s]
[epoch   6/30] loss=0.2885 val_ap=0.9892 val_abuse=n/a *best* [70.0s]
[epoch   7/30] loss=0.2841 val_ap=0.9885 val_abuse=n/a [68.1s]
[epoch   8/30] loss=0.2844 val_ap=0.9882 val_abuse=n/a [68.3s]
[epoch   9/30] loss=0.2417 val_ap=0.9911 val_abuse=n/a *best* [69.9s]
[epoch  10/30] loss=0.2309 val_ap=0.9920 val_abuse=n/a *best* [69.8s]
[epoch  11/30] loss=0.1872 val_ap=0.9917 val_abuse=n/a [68.2s]
[epoch  12/30] loss=0.1757 val_ap=0.9919 val_abuse=n/a [69.9s]
[epoch  13/30] loss=0.1747 val_ap=0.9915 val_abuse=n/a [68.1s]
[epoch  14/30] loss=0.1770 val_ap=0.9912 val_abuse=n/a [69.9s]
[epoch  15/30] loss=0.1828 val_ap=0.9917 val_abuse=n/a [71.8s]
[epoch  16/30] loss=0.1857 val_ap=0.9917 val_abuse=n/a [71.1s]
[epoch  17/30] loss=0.1759 val_ap=0.9916 val_abuse=n/a [68.1s]
[epoch  18/30] loss=0.1816 val_ap=0.9916 val_abuse=n/a [71.4s]
[epoch  19/30] loss=0.1694 val_ap=0.9924 val_abuse=n/a *best* [69.9s]
[epoch  20/30] loss=0.1622 val_ap=0.9922 val_abuse=n/a [69.8s]
[epoch  21/30] loss=0.1508 val_ap=0.9930 val_abuse=n/a *best* [69.7s]
[epoch  22/30] loss=0.1578 val_ap=0.9928 val_abuse=n/a [69.9s]
[epoch  23/30] loss=0.1594 val_ap=0.9900 val_abuse=n/a [68.3s]
[epoch  24/30] loss=0.1601 val_ap=0.9915 val_abuse=n/a [71.6s]
[epoch  25/30] loss=0.1658 val_ap=0.9913 val_abuse=n/a [70.0s]
[epoch  26/30] loss=0.1575 val_ap=0.9920 val_abuse=n/a [68.2s]
[epoch  27/30] loss=0.1601 val_ap=0.9920 val_abuse=n/a [68.2s]
[epoch  28/30] loss=0.1531 val_ap=0.9922 val_abuse=n/a [68.2s]
[epoch  29/30] loss=0.1644 val_ap=0.9923 val_abuse=n/a [69.9s]
[epoch  30/30] loss=0.1397 val_ap=0.9925 val_abuse=n/a [68.3s]
[done] best epoch 21 val_ap=0.9930 | last val_ap=0.9925 -> runs/2026-09-30_p3vggish30ep_cross_s43
